Archive member included to satisfy reference by file (symbol)

/usr/lib/gcc/arm-none-eabi/13.1.0/../../../../arm-none-eabi/lib/thumb/v7e-m+fp/hard/libc_nano.a(libc_a-atexit.o)
                              /usr/lib/gcc/arm-none-eabi/13.1.0/../../../../arm-none-eabi/lib/thumb/v7e-m+fp/hard/crt0.o (atexit)
/usr/lib/gcc/arm-none-eabi/13.1.0/../../../../arm-none-eabi/lib/thumb/v7e-m+fp/hard/libc_nano.a(libc_a-exit.o)
                              /usr/lib/gcc/arm-none-eabi/13.1.0/../../../../arm-none-eabi/lib/thumb/v7e-m+fp/hard/crt0.o (exit)
/usr/lib/gcc/arm-none-eabi/13.1.0/../../../../arm-none-eabi/lib/thumb/v7e-m+fp/hard/libc_nano.a(libc_a-findfp.o)
                              /usr/lib/gcc/arm-none-eabi/13.1.0/../../../../arm-none-eabi/lib/thumb/v7e-m+fp/hard/libc_nano.a(libc_a-exit.o) (__stdio_exit_handler)
/usr/lib/gcc/arm-none-eabi/13.1.0/../../../../arm-none-eabi/lib/thumb/v7e-m+fp/hard/libc_nano.a(libc_a-fwalk.o)
                              /usr/lib/gcc/arm-none-eabi/13.1.0/../../../../arm-none-eabi/lib/thumb/v7e-m+fp/hard/libc_nano.a(libc_a-findfp.o) (_fwalk_sglue)
/usr/lib/gcc/arm-none-eabi/13.1.0/../../../../arm-none-eabi/lib/thumb/v7e-m+fp/hard/libc_nano.a(libc_a-stdio.o)
                              /usr/lib/gcc/arm-none-eabi/13.1.0/../../../../arm-none-eabi/lib/thumb/v7e-m+fp/hard/libc_nano.a(libc_a-findfp.o) (__sread)
/usr/lib/gcc/arm-none-eabi/13.1.0/../../../../arm-none-eabi/lib/thumb/v7e-m+fp/hard/libc_nano.a(libc_a-memset.o)
                              /usr/lib/gcc/arm-none-eabi/13.1.0/../../../../arm-none-eabi/lib/thumb/v7e-m+fp/hard/crt0.o (memset)
/usr/lib/gcc/arm-none-eabi/13.1.0/../../../../arm-none-eabi/lib/thumb/v7e-m+fp/hard/libc_nano.a(libc_a-closer.o)
                              /usr/lib/gcc/arm-none-eabi/13.1.0/../../../../arm-none-eabi/lib/thumb/v7e-m+fp/hard/libc_nano.a(libc_a-stdio.o) (_close_r)
/usr/lib/gcc/arm-none-eabi/13.1.0/../../../../arm-none-eabi/lib/thumb/v7e-m+fp/hard/libc_nano.a(libc_a-reent.o)
                              /usr/lib/gcc/arm-none-eabi/13.1.0/../../../../arm-none-eabi/lib/thumb/v7e-m+fp/hard/libc_nano.a(libc_a-closer.o) (errno)
/usr/lib/gcc/arm-none-eabi/13.1.0/../../../../arm-none-eabi/lib/thumb/v7e-m+fp/hard/libc_nano.a(libc_a-impure.o)
                              /usr/lib/gcc/arm-none-eabi/13.1.0/../../../../arm-none-eabi/lib/thumb/v7e-m+fp/hard/libc_nano.a(libc_a-reent.o) (_impure_ptr)
/usr/lib/gcc/arm-none-eabi/13.1.0/../../../../arm-none-eabi/lib/thumb/v7e-m+fp/hard/libc_nano.a(libc_a-lseekr.o)
                              /usr/lib/gcc/arm-none-eabi/13.1.0/../../../../arm-none-eabi/lib/thumb/v7e-m+fp/hard/libc_nano.a(libc_a-stdio.o) (_lseek_r)
/usr/lib/gcc/arm-none-eabi/13.1.0/../../../../arm-none-eabi/lib/thumb/v7e-m+fp/hard/libc_nano.a(libc_a-readr.o)
                              /usr/lib/gcc/arm-none-eabi/13.1.0/../../../../arm-none-eabi/lib/thumb/v7e-m+fp/hard/libc_nano.a(libc_a-stdio.o) (_read_r)
/usr/lib/gcc/arm-none-eabi/13.1.0/../../../../arm-none-eabi/lib/thumb/v7e-m+fp/hard/libc_nano.a(libc_a-writer.o)
                              /usr/lib/gcc/arm-none-eabi/13.1.0/../../../../arm-none-eabi/lib/thumb/v7e-m+fp/hard/libc_nano.a(libc_a-stdio.o) (_write_r)
/usr/lib/gcc/arm-none-eabi/13.1.0/../../../../arm-none-eabi/lib/thumb/v7e-m+fp/hard/libc_nano.a(libc_a-init.o)
                              /usr/lib/gcc/arm-none-eabi/13.1.0/../../../../arm-none-eabi/lib/thumb/v7e-m+fp/hard/crt0.o (__libc_init_array)
/usr/lib/gcc/arm-none-eabi/13.1.0/../../../../arm-none-eabi/lib/thumb/v7e-m+fp/hard/libc_nano.a(libc_a-fini.o)
                              /usr/lib/gcc/arm-none-eabi/13.1.0/../../../../arm-none-eabi/lib/thumb/v7e-m+fp/hard/crt0.o (__libc_fini_array)
/usr/lib/gcc/arm-none-eabi/13.1.0/../../../../arm-none-eabi/lib/thumb/v7e-m+fp/hard/libc_nano.a(libc_a-lock.o)
                              /usr/lib/gcc/arm-none-eabi/13.1.0/../../../../arm-none-eabi/lib/thumb/v7e-m+fp/hard/libc_nano.a(libc_a-findfp.o) (__retarget_lock_init_recursive)
/usr/lib/gcc/arm-none-eabi/13.1.0/../../../../arm-none-eabi/lib/thumb/v7e-m+fp/hard/libc_nano.a(libc_a-__atexit.o)
                              /usr/lib/gcc/arm-none-eabi/13.1.0/../../../../arm-none-eabi/lib/thumb/v7e-m+fp/hard/libc_nano.a(libc_a-atexit.o) (__register_exitproc)
/usr/lib/gcc/arm-none-eabi/13.1.0/../../../../arm-none-eabi/lib/thumb/v7e-m+fp/hard/libc_nano.a(libc_a-__call_atexit.o)
                              /usr/lib/gcc/arm-none-eabi/13.1.0/../../../../arm-none-eabi/lib/thumb/v7e-m+fp/hard/libc_nano.a(libc_a-__atexit.o) (__call_exitprocs)
/usr/lib/gcc/arm-none-eabi/13.1.0/../../../../arm-none-eabi/lib/thumb/v7e-m+fp/hard/libc_nano.a(libc_a-freer.o)
                              /usr/lib/gcc/arm-none-eabi/13.1.0/../../../../arm-none-eabi/lib/thumb/v7e-m+fp/hard/libc_nano.a(libc_a-reent.o) (_free_r)
/usr/lib/gcc/arm-none-eabi/13.1.0/../../../../arm-none-eabi/lib/thumb/v7e-m+fp/hard/libc_nano.a(libc_a-mallocr.o)
[...]
Memory Configuration

Name             Origin             Length             Attributes
RAM              0x20000000         0x00010000         xrw
RAM2             0x10000000         0x00004000         xrw
FLASH            0x08000000         0x00040000         xr
*default*        0x00000000         0xffffffff

Linker script and memory map

LOAD /usr/lib/gcc/arm-none-eabi/13.1.0/thumb/v7e-m+fp/hard/crti.o
LOAD /usr/lib/gcc/arm-none-eabi/13.1.0/thumb/v7e-m+fp/hard/crtbegin.o
LOAD /usr/lib/gcc/arm-none-eabi/13.1.0/../../../../arm-none-eabi/lib/thumb/v7e-m+fp/hard/crt0.o
LOAD build/can.o
LOAD build/can_comms.o
LOAD build/gpio.o
LOAD build/main.o
LOAD build/mission.o
LOAD build/spi.o
LOAD build/stm32l4xx_hal_msp.o
LOAD build/stm32l4xx_it.o
LOAD build/system_stm32l4xx.o
LOAD build/utils.o
LOAD build/ws2812_spi.o
LOAD build/stm32l4xx_hal.o
LOAD build/stm32l4xx_hal_can.o
LOAD build/stm32l4xx_hal_cortex.o
LOAD build/stm32l4xx_hal_dma.o
LOAD build/stm32l4xx_hal_dma_ex.o
LOAD build/stm32l4xx_hal_exti.o
LOAD build/stm32l4xx_hal_flash.o
LOAD build/stm32l4xx_hal_flash_ex.o
LOAD build/stm32l4xx_hal_flash_ramfunc.o
LOAD build/stm32l4xx_hal_gpio.o
LOAD build/stm32l4xx_hal_pwr.o
LOAD build/stm32l4xx_hal_pwr_ex.o
LOAD build/stm32l4xx_hal_rcc.o
LOAD build/stm32l4xx_hal_rcc_ex.o
LOAD build/stm32l4xx_hal_spi.o
LOAD build/stm32l4xx_hal_spi_ex.o
LOAD build/stm32l4xx_hal_tim.o
LOAD build/stm32l4xx_hal_tim_ex.o
LOAD build/startup_stm32l432xx.o
LOAD /usr/lib/gcc/arm-none-eabi/13.1.0/../../../../arm-none-eabi/lib/thumb/v7e-m+fp/hard/libc_nano.a
LOAD /usr/lib/gcc/arm-none-eabi/13.1.0/../../../../arm-none-eabi/lib/thumb/v7e-m+fp/hard/libm.a
LOAD /usr/lib/gcc/arm-none-eabi/13.1.0/../../../../arm-none-eabi/lib/thumb/v7e-m+fp/hard/libnosys.a
START GROUP
LOAD /usr/lib/gcc/arm-none-eabi/13.1.0/thumb/v7e-m+fp/hard/libgcc.a
LOAD /usr/lib/gcc/arm-none-eabi/13.1.0/../../../../arm-none-eabi/lib/thumb/v7e-m+fp/hard/libc_nano.a
END GROUP
START GROUP
LOAD /usr/lib/gcc/arm-none-eabi/13.1.0/thumb/v7e-m+fp/hard/libgcc.a
LOAD /usr/lib/gcc/arm-none-eabi/13.1.0/../../../../arm-none-eabi/lib/thumb/v7e-m+fp/hard/libc_nano.a
END GROUP
LOAD /usr/lib/gcc/arm-none-eabi/13.1.0/thumb/v7e-m+fp/hard/crtend.o
LOAD /usr/lib/gcc/arm-none-eabi/13.1.0/thumb/v7e-m+fp/hard/crtn.o
                0x20010000                        _estack = (ORIGIN (RAM) + LENGTH (RAM))
                0x00000200                        _Min_Heap_Size = 0x200
                0x00000400                        _Min_Stack_Size = 0x400

.isr_vector     0x08000000      0x190
                0x08000000                        . = ALIGN (0x8)
 *(.isr_vector)
 .isr_vector    0x08000000      0x18c build/startup_stm32l432xx.o
                0x08000000                g_pfnVectors
                0x08000190                        . = ALIGN (0x8)
 *fill*         0x0800018c        0x4 

.text           0x08000190     0x1fe0
                0x08000190                        . = ALIGN (0x8)
 *(.text)
 *(.text*)
 .text.__do_global_dtors_aux
                0x08000190       0x24 /usr/lib/gcc/arm-none-eabi/13.1.0/thumb/v7e-m+fp/hard/crtbegin.o
 .text.frame_dummy
                0x080001b4       0x1c /usr/lib/gcc/arm-none-eabi/13.1.0/thumb/v7e-m+fp/hard/crtbegin.o
 .text.MX_CAN1_Init
                0x080001d0       0x44 build/can.o
                0x080001d0                MX_CAN1_Init
 .text.HAL_CAN_MspInit
                0x08000214       0x88 build/can.o
                0x08000214                HAL_CAN_MspInit
 .text.can_msg_send
                0x0800029c       0x74 build/can.o
                0x0800029c                can_msg_send
 .text.__NVIC_SystemReset
                0x08000310       0x24 build/can_comms.o
 .text.can_recv
                0x08000334       0x66 build/can_comms.o
                0x08000334                can_recv
 .text.HAL_CAN_RxFifo1MsgPendingCallback
                0x0800039a        0xa build/can_comms.o
                0x0800039a                HAL_CAN_RxFifo1MsgPendingCallback
 .text.HAL_CAN_RxFifo0MsgPendingCallback
                0x080003a4        0xa build/can_comms.o
                0x080003a4                HAL_CAN_RxFifo0MsgPendingCallback
 *fill*         0x080003ae        0x2 
 .text.MX_GPIO_Init
                0x080003b0       0x20 build/gpio.o
                0x080003b0                MX_GPIO_Init
 .text.Error_Handler
                0x080003d0        0x4 build/main.o
                0x080003d0                Error_Handler
 .text.SystemClock_Config
                0x080003d4       0x7a build/main.o
                0x080003d4                SystemClock_Config
 *fill*         0x0800044e        0x2 
 .text.main     0x08000450       0x5c build/main.o
                0x08000450                main
 .text.mission_is_confirmed
                0x080004ac        0xc build/mission.o
                0x080004ac                mission_is_confirmed
 .text.mission_get
                0x080004b8        0xc build/mission.o
                0x080004b8                mission_get
 .text.mission_confirm
                0x080004c4       0x14 build/mission.o
                0x080004c4                mission_confirm
 .text.mission_set
                0x080004d8       0x14 build/mission.o
                0x080004d8                mission_set
 .text.mission_select_next
                0x080004ec       0x38 build/mission.o
                0x080004ec                mission_select_next
 .text.mission_run
                0x08000524       0xa4 build/mission.o
                0x08000524                mission_run
 .text.MX_SPI1_Init
                0x080005c8       0x4c build/spi.o
                0x080005c8                MX_SPI1_Init
 .text.HAL_SPI_MspInit
                0x08000614       0x68 build/spi.o
                0x08000614                HAL_SPI_MspInit
 .text.HAL_MspInit
                0x0800067c       0x30 build/stm32l4xx_hal_msp.o
                0x0800067c                HAL_MspInit
 .text.NMI_Handler
                0x080006ac        0x2 build/stm32l4xx_it.o
                0x080006ac                NMI_Handler
 .text.HardFault_Handler
                0x080006ae        0x2 build/stm32l4xx_it.o
                0x080006ae                HardFault_Handler
 .text.MemManage_Handler
                0x080006b0        0x2 build/stm32l4xx_it.o
                0x080006b0                MemManage_Handler
 .text.BusFault_Handler
                0x080006b2        0x2 build/stm32l4xx_it.o
                0x080006b2                BusFault_Handler
 .text.UsageFault_Handler
                0x080006b4        0x2 build/stm32l4xx_it.o
                0x080006b4                UsageFault_Handler
 .text.SVC_Handler
                0x080006b6        0x2 build/stm32l4xx_it.o
                0x080006b6                SVC_Handler
 .text.DebugMon_Handler
                0x080006b8        0x2 build/stm32l4xx_it.o
                0x080006b8                DebugMon_Handler
 .text.PendSV_Handler
                0x080006ba        0x2 build/stm32l4xx_it.o
                0x080006ba                PendSV_Handler
 .text.SysTick_Handler
                0x080006bc        0x8 build/stm32l4xx_it.o
                0x080006bc                SysTick_Handler
 .text.CAN1_RX0_IRQHandler
                0x080006c4       0x10 build/stm32l4xx_it.o
                0x080006c4                CAN1_RX0_IRQHandler
 .text.CAN1_RX1_IRQHandler
                0x080006d4       0x10 build/stm32l4xx_it.o
                0x080006d4                CAN1_RX1_IRQHandler
 .text.SystemInit
                0x080006e4       0x14 build/system_stm32l4xx.o
                0x080006e4                SystemInit
 .text.tick_get_100us
                0x080006f8        0xc build/utils.o
                0x080006f8                tick_get_100us
 .text.delay_fun
                0x08000704       0x36 build/utils.o
                0x08000704                delay_fun
 *fill*         0x0800073a        0x2 
 .text.ws2812_spi_set_led
                0x0800073c       0x48 build/ws2812_spi.o
                0x0800073c                ws2812_spi_set_led
 .text.ws2812_spi_send
                0x08000784       0x14 build/ws2812_spi.o
                0x08000784                ws2812_spi_send
 .text.HAL_SPI_TxHalfCpltCallback
                0x08000798        0x2 build/ws2812_spi.o
                0x08000798                HAL_SPI_TxHalfCpltCallback
 .text.HAL_SPI_TxCpltCallback
                0x0800079a        0x2 build/ws2812_spi.o
                0x0800079a                HAL_SPI_TxCpltCallback
 .text.HAL_InitTick
                0x0800079c       0x50 build/stm32l4xx_hal.o
                0x0800079c                HAL_InitTick
 .text.HAL_Init
                0x080007ec       0x1e build/stm32l4xx_hal.o
                0x080007ec                HAL_Init
 *fill*         0x0800080a        0x2 
 .text.HAL_IncTick
                0x0800080c       0x18 build/stm32l4xx_hal.o
                0x0800080c                HAL_IncTick
 .text.HAL_GetTick
                0x08000824        0xc build/stm32l4xx_hal.o
                0x08000824                HAL_GetTick
 .text.HAL_CAN_Init
                0x08000830      0x14c build/stm32l4xx_hal_can.o
                0x08000830                HAL_CAN_Init
 .text.HAL_CAN_AddTxMessage
                0x0800097c       0xea build/stm32l4xx_hal_can.o
                0x0800097c                HAL_CAN_AddTxMessage
 .text.HAL_CAN_AbortTxRequest
                0x08000a66       0x4c build/stm32l4xx_hal_can.o
                0x08000a66                HAL_CAN_AbortTxRequest
 .text.HAL_CAN_GetTxMailboxesFreeLevel
                0x08000ab2       0x32 build/stm32l4xx_hal_can.o
                0x08000ab2                HAL_CAN_GetTxMailboxesFreeLevel
 .text.HAL_CAN_GetRxMessage
                0x08000ae4      0x14a build/stm32l4xx_hal_can.o
                0x08000ae4                HAL_CAN_GetRxMessage
 .text.HAL_CAN_TxMailbox0CompleteCallback
                0x08000c2e        0x2 build/stm32l4xx_hal_can.o
                0x08000c2e                HAL_CAN_TxMailbox0CompleteCallback
 .text.HAL_CAN_TxMailbox1CompleteCallback
                0x08000c30        0x2 build/stm32l4xx_hal_can.o
                0x08000c30                HAL_CAN_TxMailbox1CompleteCallback
 .text.HAL_CAN_TxMailbox2CompleteCallback
                0x08000c32        0x2 build/stm32l4xx_hal_can.o
                0x08000c32                HAL_CAN_TxMailbox2CompleteCallback
 .text.HAL_CAN_TxMailbox0AbortCallback
                0x08000c34        0x2 build/stm32l4xx_hal_can.o
                0x08000c34                HAL_CAN_TxMailbox0AbortCallback
 .text.HAL_CAN_TxMailbox1AbortCallback
                0x08000c36        0x2 build/stm32l4xx_hal_can.o
                0x08000c36                HAL_CAN_TxMailbox1AbortCallback
 .text.HAL_CAN_TxMailbox2AbortCallback
                0x08000c38        0x2 build/stm32l4xx_hal_can.o
                0x08000c38                HAL_CAN_TxMailbox2AbortCallback
 .text.HAL_CAN_RxFifo0FullCallback
                0x08000c3a        0x2 build/stm32l4xx_hal_can.o
                0x08000c3a                HAL_CAN_RxFifo0FullCallback
 .text.HAL_CAN_RxFifo1FullCallback
                0x08000c3c        0x2 build/stm32l4xx_hal_can.o
                0x08000c3c                HAL_CAN_RxFifo1FullCallback
 .text.HAL_CAN_SleepCallback
                0x08000c3e        0x2 build/stm32l4xx_hal_can.o
                0x08000c3e                HAL_CAN_SleepCallback
 .text.HAL_CAN_WakeUpFromRxMsgCallback
                0x08000c40        0x2 build/stm32l4xx_hal_can.o
                0x08000c40                HAL_CAN_WakeUpFromRxMsgCallback
 .text.HAL_CAN_ErrorCallback
                0x08000c42        0x2 build/stm32l4xx_hal_can.o
                0x08000c42                HAL_CAN_ErrorCallback
 .text.HAL_CAN_IRQHandler
                0x08000c44      0x250 build/stm32l4xx_hal_can.o
                0x08000c44                HAL_CAN_IRQHandler
 .text.HAL_CAN_ResetError
                0x08000e94       0x20 build/stm32l4xx_hal_can.o
                0x08000e94                HAL_CAN_ResetError
 .text.__NVIC_EnableIRQ
                0x08000eb4       0x1c build/stm32l4xx_hal_cortex.o
 .text.__NVIC_SetPriority
                0x08000ed0       0x28 build/stm32l4xx_hal_cortex.o
 .text.NVIC_EncodePriority
                0x08000ef8       0x3e build/stm32l4xx_hal_cortex.o
 *fill*         0x08000f36        0x2 
 .text.HAL_NVIC_SetPriorityGrouping
                0x08000f38       0x24 build/stm32l4xx_hal_cortex.o
                0x08000f38                HAL_NVIC_SetPriorityGrouping
 .text.HAL_NVIC_SetPriority
                0x08000f5c       0x20 build/stm32l4xx_hal_cortex.o
                0x08000f5c                HAL_NVIC_SetPriority
 .text.HAL_NVIC_EnableIRQ
                0x08000f7c        0x8 build/stm32l4xx_hal_cortex.o
                0x08000f7c                HAL_NVIC_EnableIRQ
 .text.HAL_SYSTICK_Config
                0x08000f84       0x28 build/stm32l4xx_hal_cortex.o
                0x08000f84                HAL_SYSTICK_Config
 .text.DMA_SetConfig
                0x08000fac       0x32 build/stm32l4xx_hal_dma.o
 .text.HAL_DMA_Start_IT
                0x08000fde       0x76 build/stm32l4xx_hal_dma.o
                0x08000fde                HAL_DMA_Start_IT
 .text.HAL_GPIO_Init
                0x08001054      0x1b0 build/stm32l4xx_hal_gpio.o
                0x08001054                HAL_GPIO_Init
 .text.HAL_PWREx_GetVoltageRange
                0x08001204       0x10 build/stm32l4xx_hal_pwr_ex.o
                0x08001204                HAL_PWREx_GetVoltageRange
 .text.HAL_PWREx_ControlVoltageScaling
                0x08001214       0x90 build/stm32l4xx_hal_pwr_ex.o
                0x08001214                HAL_PWREx_ControlVoltageScaling
 .text.RCC_SetFlashLatencyFromMSIRange
                0x080012a4       0x90 build/stm32l4xx_hal_rcc.o
 .text.HAL_RCC_GetSysClockFreq
                0x08001334       0xb4 build/stm32l4xx_hal_rcc.o
                0x08001334                HAL_RCC_GetSysClockFreq
 .text.HAL_RCC_OscConfig
                0x080013e8      0x66c build/stm32l4xx_hal_rcc.o
                0x080013e8                HAL_RCC_OscConfig
 .text.HAL_RCC_ClockConfig
                0x08001a54      0x188 build/stm32l4xx_hal_rcc.o
                0x08001a54                HAL_RCC_ClockConfig
 .text.SPI_WaitFlagStateUntilTimeout
                0x08001bdc       0xc8 build/stm32l4xx_hal_spi.o
 .text.SPI_WaitFifoStateUntilTimeout
                0x08001ca4       0xf0 build/stm32l4xx_hal_spi.o
 .text.SPI_EndRxTxTransaction
                0x08001d94       0x62 build/stm32l4xx_hal_spi.o
 .text.HAL_SPI_Init
                0x08001df6       0xde build/stm32l4xx_hal_spi.o
                0x08001df6                HAL_SPI_Init
 .text.HAL_SPI_Transmit_DMA
                0x08001ed4      0x134 build/stm32l4xx_hal_spi.o
                0x08001ed4                HAL_SPI_Transmit_DMA
 .text.SPI_DMAHalfTransmitCplt
                0x08002008        0xa build/stm32l4xx_hal_spi.o
 .text.HAL_SPI_ErrorCallback
                0x08002012        0x2 build/stm32l4xx_hal_spi.o
                0x08002012                HAL_SPI_ErrorCallback
 .text.SPI_DMAError
                0x08002014       0x22 build/stm32l4xx_hal_spi.o
 .text.SPI_DMATransmitCplt
                0x08002036       0x70 build/stm32l4xx_hal_spi.o
 *fill*         0x080020a6        0x2 
 .text.Reset_Handler
                0x080020a8       0x50 build/startup_stm32l432xx.o
                0x080020a8                Reset_Handler
 .text.Default_Handler
                0x080020f8        0x2 build/startup_stm32l432xx.o
                0x080020f8                RTC_Alarm_IRQHandler
                0x080020f8                EXTI2_IRQHandler
                0x080020f8                TIM1_CC_IRQHandler
                0x080020f8                TSC_IRQHandler
                0x080020f8                TAMP_STAMP_IRQHandler
                0x080020f8                EXTI3_IRQHandler
                0x080020f8                LPTIM2_IRQHandler
                0x080020f8                I2C3_ER_IRQHandler
                0x080020f8                EXTI0_IRQHandler
                0x080020f8                FPU_IRQHandler
                0x080020f8                TIM1_UP_TIM16_IRQHandler
                0x080020f8                SPI1_IRQHandler
                0x080020f8                TIM6_DAC_IRQHandler
                0x080020f8                DMA2_Channel2_IRQHandler
                0x080020f8                DMA1_Channel4_IRQHandler
                0x080020f8                ADC1_IRQHandler
                0x080020f8                DMA1_Channel7_IRQHandler
                0x080020f8                DMA2_Channel1_IRQHandler
                0x080020f8                QUADSPI_IRQHandler
                0x080020f8                I2C1_EV_IRQHandler
                0x080020f8                DMA1_Channel6_IRQHandler
                0x080020f8                DMA2_Channel4_IRQHandler
                0x080020f8                RCC_IRQHandler
                0x080020f8                TIM1_TRG_COM_IRQHandler
                0x080020f8                DMA1_Channel1_IRQHandler
                0x080020f8                Default_Handler
                0x080020f8                DMA2_Channel7_IRQHandler
                0x080020f8                EXTI15_10_IRQHandler
                0x080020f8                TIM7_IRQHandler
                0x080020f8                I2C3_EV_IRQHandler
                0x080020f8                USB_IRQHandler
                0x080020f8                EXTI9_5_IRQHandler
                0x080020f8                RTC_WKUP_IRQHandler
                0x080020f8                PVD_PVM_IRQHandler
                0x080020f8                CAN1_TX_IRQHandler
                0x080020f8                DMA2_Channel5_IRQHandler
                0x080020f8                CRS_IRQHandler
                0x080020f8                DMA1_Channel5_IRQHandler
                0x080020f8                EXTI4_IRQHandler
                0x080020f8                RNG_IRQHandler
                0x080020f8                DMA1_Channel3_IRQHandler
                0x080020f8                COMP_IRQHandler
                0x080020f8                WWDG_IRQHandler
                0x080020f8                LPUART1_IRQHandler
                0x080020f8                DMA2_Channel6_IRQHandler
                0x080020f8                TIM2_IRQHandler
                0x080020f8                EXTI1_IRQHandler
                0x080020f8                USART2_IRQHandler
                0x080020f8                DMA1_Channel2_IRQHandler
                0x080020f8                CAN1_SCE_IRQHandler
                0x080020f8                FLASH_IRQHandler
                0x080020f8                USART1_IRQHandler
                0x080020f8                SPI3_IRQHandler
                0x080020f8                I2C1_ER_IRQHandler
                0x080020f8                SWPMI1_IRQHandler
                0x080020f8                LPTIM1_IRQHandler
                0x080020f8                SAI1_IRQHandler
                0x080020f8                DMA2_Channel3_IRQHandler
                0x080020f8                TIM1_BRK_TIM15_IRQHandler
 .text.memset   0x080020fa       0x10 /usr/lib/gcc/arm-none-eabi/13.1.0/../../../../arm-none-eabi/lib/thumb/v7e-m+fp/hard/libc_nano.a(libc_a-memset.o)
                0x080020fa                memset
 *fill*         0x0800210a        0x2 
 .text.__libc_init_array
                0x0800210c       0x48 /usr/lib/gcc/arm-none-eabi/13.1.0/../../../../arm-none-eabi/lib/thumb/v7e-m+fp/hard/libc_nano.a(libc_a-init.o)
                0x0800210c                __libc_init_array
 *(.glue_7)
 .glue_7        0x08002154        0x0 linker stubs
 *(.glue_7t)
 .glue_7t       0x08002154        0x0 linker stubs
 *(.eh_frame)
 .eh_frame      0x08002154        0x0 /usr/lib/gcc/arm-none-eabi/13.1.0/thumb/v7e-m+fp/hard/crtbegin.o
 *(.init)
 .init          0x08002154        0x4 /usr/lib/gcc/arm-none-eabi/13.1.0/thumb/v7e-m+fp/hard/crti.o
                0x08002154                _init
 .init          0x08002158        0x8 /usr/lib/gcc/arm-none-eabi/13.1.0/thumb/v7e-m+fp/hard/crtn.o
 *(.fini)
 .fini          0x08002160        0x4 /usr/lib/gcc/arm-none-eabi/13.1.0/thumb/v7e-m+fp/hard/crti.o
                0x08002160                _fini
 .fini          0x08002164        0x8 /usr/lib/gcc/arm-none-eabi/13.1.0/thumb/v7e-m+fp/hard/crtn.o
                0x08002170                        . = ALIGN (0x8)
 *fill*         0x0800216c        0x4 
                0x08002170                        _etext = .

.vfp11_veneer   0x08002170        0x0
 .vfp11_veneer  0x08002170        0x0 linker stubs

.v4_bx          0x08002170        0x0
 .v4_bx         0x08002170        0x0 linker stubs

.iplt           0x08002170        0x0
 .iplt          0x08002170        0x0 /usr/lib/gcc/arm-none-eabi/13.1.0/thumb/v7e-m+fp/hard/crtbegin.o

.rodata         0x08002170       0x40
                0x08002170                        . = ALIGN (0x8)
 *(.rodata)
 *(.rodata*)
 .rodata.MSIRangeTable
                0x08002170       0x30 build/system_stm32l4xx.o
                0x08002170                MSIRangeTable
 .rodata.AHBPrescTable
                0x080021a0       0x10 build/system_stm32l4xx.o
                0x080021a0                AHBPrescTable
                0x080021b0                        . = ALIGN (0x8)

.rel.dyn        0x080021b0        0x0
 .rel.iplt      0x080021b0        0x0 /usr/lib/gcc/arm-none-eabi/13.1.0/thumb/v7e-m+fp/hard/crtbegin.o

.ARM.extab      0x080021b0        0x0
                0x080021b0                        . = ALIGN (0x8)
 *(.ARM.extab* .gnu.linkonce.armextab.*)
                0x080021b0                        . = ALIGN (0x8)

.ARM            0x080021b0        0x0
                0x080021b0                        . = ALIGN (0x8)
                0x080021b0                        __exidx_start = .
 *(.ARM.exidx*)
                0x080021b0                        __exidx_end = .
                0x080021b0                        . = ALIGN (0x8)

.preinit_array  0x080021b0        0x0
                0x080021b0                        . = ALIGN (0x8)
                0x080021b0                        PROVIDE (__preinit_array_start = .)
 *(.preinit_array*)
                0x080021b0                        PROVIDE (__preinit_array_end = .)
                0x080021b0                        . = ALIGN (0x8)

.init_array     0x080021b0        0x8
                0x080021b0                        . = ALIGN (0x8)
                0x080021b0                        PROVIDE (__init_array_start = .)
 *(SORT_BY_NAME(.init_array.*))
 *(.init_array*)
 .init_array    0x080021b0        0x4 /usr/lib/gcc/arm-none-eabi/13.1.0/thumb/v7e-m+fp/hard/crtbegin.o
                0x080021b4                        PROVIDE (__init_array_end = .)
                0x080021b8                        . = ALIGN (0x8)
 *fill*         0x080021b4        0x4 

.fini_array     0x080021b8        0x8
                0x080021b8                        . = ALIGN (0x8)
                0x080021b8                        PROVIDE (__fini_array_start = .)
 *(SORT_BY_NAME(.fini_array.*))
 *(.fini_array*)
 .fini_array    0x080021b8        0x4 /usr/lib/gcc/arm-none-eabi/13.1.0/thumb/v7e-m+fp/hard/crtbegin.o
                0x080021bc                        PROVIDE (__fini_array_end = .)
                0x080021c0                        . = ALIGN (0x8)
 *fill*         0x080021bc        0x4 
                0x080021c0                        _sidata = LOADADDR (.data)

.data           0x20000000       0x10 load address 0x080021c0
                0x20000000                        . = ALIGN (0x8)
                0x20000000                        _sdata = .
 *(.data)
 *(.data*)
 .data.direction.0
                0x20000000        0x1 build/mission.o
 *fill*         0x20000001        0x3 
 .data.SystemCoreClock
                0x20000004        0x4 build/system_stm32l4xx.o
                0x20000004                SystemCoreClock
 .data.uwTickFreq
                0x20000008        0x1 build/stm32l4xx_hal.o
                0x20000008                uwTickFreq
 *fill*         0x20000009        0x3 
 .data.uwTickPrio
                0x2000000c        0x4 build/stm32l4xx_hal.o
                0x2000000c                uwTickPrio
                0x20000010                        . = ALIGN (0x8)
                0x20000010                        _edata = .

.igot.plt       0x20000010        0x0 load address 0x080021d0
 .igot.plt      0x20000010        0x0 /usr/lib/gcc/arm-none-eabi/13.1.0/thumb/v7e-m+fp/hard/crtbegin.o
                0x20000010                        . = ALIGN (0x4)

.bss            0x20000010      0x440 load address 0x080021d0
                0x20000010                        _sbss = .
                0x20000010                        __bss_start__ = _sbss
 *(.bss)
 *(.bss*)
 .bss.completed.1
                0x20000010        0x1 /usr/lib/gcc/arm-none-eabi/13.1.0/thumb/v7e-m+fp/hard/crtbegin.o
 *fill*         0x20000011        0x3 
 .bss.object.0  0x20000014       0x18 /usr/lib/gcc/arm-none-eabi/13.1.0/thumb/v7e-m+fp/hard/crtbegin.o
 .bss.can_counter_100us.0
                0x2000002c        0x4 build/can.o
 .bss.hcan1     0x20000030       0x28 build/can.o
                0x20000030                hcan1
 .bss.delay_100us_last.0
                0x20000058        0x4 build/main.o
 .bss.delay_100us_last.1
                0x2000005c        0x4 build/mission.o
 .bss.out_mission.2
                0x20000060        0x1 build/mission.o
 .bss.current_mission
                0x20000061        0x1 build/mission.o
 .bss.confirmed
                0x20000062        0x1 build/mission.o
 *fill*         0x20000063        0x1 
 .bss.hspi1     0x20000064       0x64 build/spi.o
                0x20000064                hspi1
 .bss.tick_100us
                0x200000c8        0x4 build/utils.o
                0x200000c8                tick_100us
 .bss.ws2812_buffer
                0x200000cc      0x380 build/ws2812_spi.o
                0x200000cc                ws2812_buffer
 .bss.uwTick    0x2000044c        0x4 build/stm32l4xx_hal.o
                0x2000044c                uwTick
 *(COMMON)
                0x20000450                        . = ALIGN (0x4)
                0x20000450                        _ebss = .
                0x20000450                        __bss_end__ = _ebss

._user_heap_stack
                0x20000450      0x600 load address 0x080021d0
                0x20000450                        . = ALIGN (0x8)
                0x20000450                        PROVIDE (end = .)
                [!provide]                        PROVIDE (_end = .)
                0x20000650                        . = (. + _Min_Heap_Size)
 *fill*         0x20000450      0x200 
                0x20000a50                        . = (. + _Min_Stack_Size)
 *fill*         0x20000650      0x400 
                0x20000a50                        . = ALIGN (0x8)

/DISCARD/
 libc.a(*)
 libm.a(*)
 libgcc.a(*)

.ARM.attributes
                0x00000000       0x30
 *(.ARM.attributes)
 .ARM.attributes
                0x00000000       0x22 /usr/lib/gcc/arm-none-eabi/13.1.0/thumb/v7e-m+fp/hard/crti.o
 .ARM.attributes
                0x00000022       0x34 /usr/lib/gcc/arm-none-eabi/13.1.0/thumb/v7e-m+fp/hard/crtbegin.o
 .ARM.attributes
                0x00000056       0x34 build/can.o
 .ARM.attributes
                0x0000008a       0x34 build/can_comms.o
 .ARM.attributes
                0x000000be       0x34 build/gpio.o
 .ARM.attributes
                0x000000f2       0x34 build/main.o
 .ARM.attributes
                0x00000126       0x34 build/mission.o
 .ARM.attributes
                0x0000015a       0x34 build/spi.o
 .ARM.attributes
                0x0000018e       0x34 build/stm32l4xx_hal_msp.o
 .ARM.attributes
                0x000001c2       0x34 build/stm32l4xx_it.o
 .ARM.attributes
                0x000001f6       0x34 build/system_stm32l4xx.o
 .ARM.attributes
                0x0000022a       0x34 build/utils.o
 .ARM.attributes
                0x0000025e       0x34 build/ws2812_spi.o
 .ARM.attributes
                0x00000292       0x34 build/stm32l4xx_hal.o
 .ARM.attributes
                0x000002c6       0x34 build/stm32l4xx_hal_can.o
 .ARM.attributes
                0x000002fa       0x34 build/stm32l4xx_hal_cortex.o
 .ARM.attributes
                0x0000032e       0x34 build/stm32l4xx_hal_dma.o
 .ARM.attributes
                0x00000362       0x34 build/stm32l4xx_hal_gpio.o
 .ARM.attributes
                0x00000396       0x34 build/stm32l4xx_hal_pwr_ex.o
 .ARM.attributes
                0x000003ca       0x34 build/stm32l4xx_hal_rcc.o
 .ARM.attributes
                0x000003fe       0x34 build/stm32l4xx_hal_spi.o
 .ARM.attributes
                0x00000432       0x21 build/startup_stm32l432xx.o
 .ARM.attributes
                0x00000453       0x34 /usr/lib/gcc/arm-none-eabi/13.1.0/../../../../arm-none-eabi/lib/thumb/v7e-m+fp/hard/libc_nano.a(libc_a-memset.o)
 .ARM.attributes
                0x00000487       0x34 /usr/lib/gcc/arm-none-eabi/13.1.0/../../../../arm-none-eabi/lib/thumb/v7e-m+fp/hard/libc_nano.a(libc_a-init.o)
 .ARM.attributes
                0x000004bb       0x22 /usr/lib/gcc/arm-none-eabi/13.1.0/thumb/v7e-m+fp/hard/crtn.o
OUTPUT(build/amio.elf elf32-littlearm)
LOAD linker stubs
LOAD /usr/lib/gcc/arm-none-eabi/13.1.0/../../../../arm-none-eabi/lib/thumb/v7e-m+fp/hard/libc.a
LOAD /usr/lib/gcc/arm-none-eabi/13.1.0/../../../../arm-none-eabi/lib/thumb/v7e-m+fp/hard/libm.a
LOAD /usr/lib/gcc/arm-none-eabi/13.1.0/thumb/v7e-m+fp/hard/libgcc.a

.debug_info     0x00000000     0xbfee
 .debug_info    0x00000000      0xdde build/can.o
 .debug_info    0x00000dde      0x893 build/can_comms.o
 .debug_info    0x00001671      0x2a8 build/gpio.o
 .debug_info    0x00001919      0x925 build/main.o
 .debug_info    0x0000223e      0x785 build/mission.o
 .debug_info    0x000029c3      0x9e0 build/spi.o
 .debug_info    0x000033a3      0x2c1 build/stm32l4xx_hal_msp.o
 .debug_info    0x00003664      0x543 build/stm32l4xx_it.o
 .debug_info    0x00003ba7      0x5d9 build/system_stm32l4xx.o
 .debug_info    0x00004180      0x136 build/utils.o
 .debug_info    0x000042b6      0x745 build/ws2812_spi.o
 .debug_info    0x000049fb      0xa43 build/stm32l4xx_hal.o
 .debug_info    0x0000543e     0x1210 build/stm32l4xx_hal_can.o
 .debug_info    0x0000664e      0xf39 build/stm32l4xx_hal_cortex.o
 .debug_info    0x00007587      0x819 build/stm32l4xx_hal_dma.o
 .debug_info    0x00007da0      0x789 build/stm32l4xx_hal_gpio.o
 .debug_info    0x00008529      0x9c5 build/stm32l4xx_hal_pwr_ex.o
 .debug_info    0x00008eee      0xe58 build/stm32l4xx_hal_rcc.o
 .debug_info    0x00009d46     0x208d build/stm32l4xx_hal_spi.o
 .debug_info    0x0000bdd3       0x30 build/startup_stm32l432xx.o
 .debug_info    0x0000be03       0xe0 /usr/lib/gcc/arm-none-eabi/13.1.0/../../../../arm-none-eabi/lib/thumb/v7e-m+fp/hard/libc_nano.a(libc_a-memset.o)
 .debug_info    0x0000bee3      0x10b /usr/lib/gcc/arm-none-eabi/13.1.0/../../../../arm-none-eabi/lib/thumb/v7e-m+fp/hard/libc_nano.a(libc_a-init.o)

.debug_abbrev   0x00000000     0x2749
 .debug_abbrev  0x00000000      0x280 build/can.o
 .debug_abbrev  0x00000280      0x239 build/can_comms.o
 .debug_abbrev  0x000004b9       0xb7 build/gpio.o
 .debug_abbrev  0x00000570      0x267 build/main.o
 .debug_abbrev  0x000007d7      0x205 build/mission.o
 .debug_abbrev  0x000009dc      0x20d build/spi.o
 .debug_abbrev  0x00000be9       0xc4 build/stm32l4xx_hal_msp.o
 .debug_abbrev  0x00000cad      0x184 build/stm32l4xx_it.o
 .debug_abbrev  0x00000e31      0x11e build/system_stm32l4xx.o
 .debug_abbrev  0x00000f4f       0xcf build/utils.o
 .debug_abbrev  0x0000101e      0x1ea build/ws2812_spi.o
 .debug_abbrev  0x00001208      0x254 build/stm32l4xx_hal.o
 .debug_abbrev  0x0000145c      0x279 build/stm32l4xx_hal_can.o
 .debug_abbrev  0x000016d5      0x39b build/stm32l4xx_hal_cortex.o
 .debug_abbrev  0x00001a70      0x21c build/stm32l4xx_hal_dma.o
 .debug_abbrev  0x00001c8c      0x1f9 build/stm32l4xx_hal_gpio.o
 .debug_abbrev  0x00001e85      0x215 build/stm32l4xx_hal_pwr_ex.o
 .debug_abbrev  0x0000209a      0x2ab build/stm32l4xx_hal_rcc.o
 .debug_abbrev  0x00002345      0x279 build/stm32l4xx_hal_spi.o
 .debug_abbrev  0x000025be       0x24 build/startup_stm32l432xx.o
 .debug_abbrev  0x000025e2       0x9e /usr/lib/gcc/arm-none-eabi/13.1.0/../../../../arm-none-eabi/lib/thumb/v7e-m+fp/hard/libc_nano.a(libc_a-memset.o)
 .debug_abbrev  0x00002680       0xc9 /usr/lib/gcc/arm-none-eabi/13.1.0/../../../../arm-none-eabi/lib/thumb/v7e-m+fp/hard/libc_nano.a(libc_a-init.o)

.debug_loclists
                0x00000000     0x4018
 .debug_loclists
                0x00000000       0xfb build/can.o
 .debug_loclists
                0x000000fb       0x77 build/can_comms.o
 .debug_loclists
                0x00000172       0x74 build/spi.o
 .debug_loclists
                0x000001e6       0xb5 build/system_stm32l4xx.o
 .debug_loclists
                0x0000029b       0x72 build/utils.o
 .debug_loclists
                0x0000030d       0x9b build/ws2812_spi.o
 .debug_loclists
                0x000003a8      0x139 build/stm32l4xx_hal.o
 .debug_loclists
                0x000004e1      0xa3d build/stm32l4xx_hal_can.o
 .debug_loclists
                0x00000f1e      0x54d build/stm32l4xx_hal_cortex.o
 .debug_loclists
                0x0000146b      0x5a0 build/stm32l4xx_hal_dma.o
 .debug_loclists
                0x00001a0b      0x24b build/stm32l4xx_hal_gpio.o
 .debug_loclists
                0x00001c56      0x4fa build/stm32l4xx_hal_pwr_ex.o
 .debug_loclists
                0x00002150      0x583 build/stm32l4xx_hal_rcc.o
 .debug_loclists
                0x000026d3     0x18ba build/stm32l4xx_hal_spi.o
 .debug_loclists
                0x00003f8d       0x47 /usr/lib/gcc/arm-none-eabi/13.1.0/../../../../arm-none-eabi/lib/thumb/v7e-m+fp/hard/libc_nano.a(libc_a-memset.o)
 .debug_loclists
                0x00003fd4       0x44 /usr/lib/gcc/arm-none-eabi/13.1.0/../../../../arm-none-eabi/lib/thumb/v7e-m+fp/hard/libc_nano.a(libc_a-init.o)

.debug_aranges  0x00000000      0xa50
 .debug_aranges
                0x00000000       0x38 build/can.o
 .debug_aranges
                0x00000038       0x38 build/can_comms.o
 .debug_aranges
                0x00000070       0x20 build/gpio.o
 .debug_aranges
                0x00000090       0x30 build/main.o
 .debug_aranges
                0x000000c0       0x48 build/mission.o
 .debug_aranges
                0x00000108       0x30 build/spi.o
 .debug_aranges
                0x00000138       0x20 build/stm32l4xx_hal_msp.o
 .debug_aranges
                0x00000158       0x70 build/stm32l4xx_it.o
 .debug_aranges
                0x000001c8       0x28 build/system_stm32l4xx.o
 .debug_aranges
                0x000001f0       0x28 build/utils.o
 .debug_aranges
                0x00000218       0x48 build/ws2812_spi.o
 .debug_aranges
                0x00000260      0x108 build/stm32l4xx_hal.o
 .debug_aranges
                0x00000368      0x138 build/stm32l4xx_hal_can.o
 .debug_aranges
                0x000004a0       0xe0 build/stm32l4xx_hal_cortex.o
 .debug_aranges
                0x00000580       0x80 build/stm32l4xx_hal_dma.o
 .debug_aranges
                0x00000600       0x58 build/stm32l4xx_hal_gpio.o
 .debug_aranges
                0x00000658      0x128 build/stm32l4xx_hal_pwr_ex.o
 .debug_aranges
                0x00000780       0x90 build/stm32l4xx_hal_rcc.o
 .debug_aranges
                0x00000810      0x1d8 build/stm32l4xx_hal_spi.o
 .debug_aranges
                0x000009e8       0x28 build/startup_stm32l432xx.o
 .debug_aranges
                0x00000a10       0x20 /usr/lib/gcc/arm-none-eabi/13.1.0/../../../../arm-none-eabi/lib/thumb/v7e-m+fp/hard/libc_nano.a(libc_a-memset.o)
 .debug_aranges
                0x00000a30       0x20 /usr/lib/gcc/arm-none-eabi/13.1.0/../../../../arm-none-eabi/lib/thumb/v7e-m+fp/hard/libc_nano.a(libc_a-init.o)

.debug_rnglists
                0x00000000      0x7b7
 .debug_rnglists
                0x00000000       0x26 build/can.o
 .debug_rnglists
                0x00000026       0x25 build/can_comms.o
 .debug_rnglists
                0x0000004b       0x13 build/gpio.o
 .debug_rnglists
                0x0000005e       0x37 build/main.o
 .debug_rnglists
                0x00000095       0x32 build/mission.o
 .debug_rnglists
                0x000000c7       0x1f build/spi.o
 .debug_rnglists
                0x000000e6       0x13 build/stm32l4xx_hal_msp.o
 .debug_rnglists
                0x000000f9       0x4f build/stm32l4xx_it.o
 .debug_rnglists
                0x00000148       0x1a build/system_stm32l4xx.o
 .debug_rnglists
                0x00000162       0x19 build/utils.o
 .debug_rnglists
                0x0000017b       0x3d build/ws2812_spi.o
 .debug_rnglists
                0x000001b8       0xc1 build/stm32l4xx_hal.o
 .debug_rnglists
                0x00000279       0xf6 build/stm32l4xx_hal_can.o
 .debug_rnglists
                0x0000036f       0xa3 build/stm32l4xx_hal_cortex.o
 .debug_rnglists
                0x00000412       0x5f build/stm32l4xx_hal_dma.o
 .debug_rnglists
                0x00000471       0x3f build/stm32l4xx_hal_gpio.o
 .debug_rnglists
                0x000004b0       0xdb build/stm32l4xx_hal_pwr_ex.o
 .debug_rnglists
                0x0000058b       0x7c build/stm32l4xx_hal_rcc.o
 .debug_rnglists
                0x00000607      0x171 build/stm32l4xx_hal_spi.o
 .debug_rnglists
                0x00000778       0x19 build/startup_stm32l432xx.o
 .debug_rnglists
                0x00000791       0x13 /usr/lib/gcc/arm-none-eabi/13.1.0/../../../../arm-none-eabi/lib/thumb/v7e-m+fp/hard/libc_nano.a(libc_a-memset.o)
 .debug_rnglists
                0x000007a4       0x13 /usr/lib/gcc/arm-none-eabi/13.1.0/../../../../arm-none-eabi/lib/thumb/v7e-m+fp/hard/libc_nano.a(libc_a-init.o)

.debug_line     0x00000000     0x89f3
 .debug_line    0x00000000      0x33b build/can.o
 .debug_line    0x0000033b      0x2b5 build/can_comms.o
 .debug_line    0x000005f0       0xeb build/gpio.o
 .debug_line    0x000006db      0x32e build/main.o
 .debug_line    0x00000a09      0x2da build/mission.o
 .debug_line    0x00000ce3      0x299 build/spi.o
 .debug_line    0x00000f7c       0xfe build/stm32l4xx_hal_msp.o
 .debug_line    0x0000107a      0x231 build/stm32l4xx_it.o
 .debug_line    0x000012ab      0x239 build/system_stm32l4xx.o
 .debug_line    0x000014e4      0x13e build/utils.o
 .debug_line    0x00001622      0x272 build/ws2812_spi.o
 .debug_line    0x00001894      0x598 build/stm32l4xx_hal.o
 .debug_line    0x00001e2c     0x10d2 build/stm32l4xx_hal_can.o
 .debug_line    0x00002efe      0x78c build/stm32l4xx_hal_cortex.o
 .debug_line    0x0000368a      0x9a6 build/stm32l4xx_hal_dma.o
 .debug_line    0x00004030      0x614 build/stm32l4xx_hal_gpio.o
 .debug_line    0x00004644      0x85a build/stm32l4xx_hal_pwr_ex.o
 .debug_line    0x00004e9e      0xfd5 build/stm32l4xx_hal_rcc.o
 .debug_line    0x00005e73     0x28b2 build/stm32l4xx_hal_spi.o
 .debug_line    0x00008725       0x76 build/startup_stm32l432xx.o
 .debug_line    0x0000879b      0x123 /usr/lib/gcc/arm-none-eabi/13.1.0/../../../../arm-none-eabi/lib/thumb/v7e-m+fp/hard/libc_nano.a(libc_a-memset.o)
 .debug_line    0x000088be      0x135 /usr/lib/gcc/arm-none-eabi/13.1.0/../../../../arm-none-eabi/lib/thumb/v7e-m+fp/hard/libc_nano.a(libc_a-init.o)

.debug_str      0x00000000     0x32f6
 .debug_str     0x00000000      0xac6 build/can.o
                                0xb54 (size before relaxing)
 .debug_str     0x00000ac6      0x13b build/can_comms.o
                                0x5b6 (size before relaxing)
 .debug_str     0x00000c01       0x1d build/gpio.o
                                0x2c4 (size before relaxing)
 .debug_str     0x00000c1e      0x2c1 build/main.o
                                0x759 (size before relaxing)
 .debug_str     0x00000edf      0x3cf build/mission.o
                                0x6d0 (size before relaxing)
 .debug_str     0x000012ae       0x48 build/spi.o
                                0x7bc (size before relaxing)
 .debug_str     0x000012f6       0x29 build/stm32l4xx_hal_msp.o
                                0x2d0 (size before relaxing)
 .debug_str     0x0000131f       0xef build/stm32l4xx_it.o
                                0x4e3 (size before relaxing)
 .debug_str     0x0000140e       0x9b build/system_stm32l4xx.o
                                0x3a1 (size before relaxing)
 .debug_str     0x000014a9       0x35 build/utils.o
                                0x1c5 (size before relaxing)
 .debug_str     0x000014de       0x9c build/ws2812_spi.o
                                0x63f (size before relaxing)
 .debug_str     0x0000157a      0x3c5 build/stm32l4xx_hal.o
                                0xad4 (size before relaxing)
 .debug_str     0x0000193f      0x42b build/stm32l4xx_hal_can.o
                                0xa16 (size before relaxing)
 .debug_str     0x00001d6a      0x401 build/stm32l4xx_hal_cortex.o
                                0xacf (size before relaxing)
 .debug_str     0x0000216b      0x26e build/stm32l4xx_hal_dma.o
                                0x608 (size before relaxing)
 .debug_str     0x000023d9      0x14a build/stm32l4xx_hal_gpio.o
                                0x503 (size before relaxing)
 .debug_str     0x00002523      0x4a5 build/stm32l4xx_hal_pwr_ex.o
                                0x764 (size before relaxing)
 .debug_str     0x000029c8      0x21a build/stm32l4xx_hal_rcc.o
                                0x81e (size before relaxing)
 .debug_str     0x00002be2      0x51b build/stm32l4xx_hal_spi.o
                                0xba6 (size before relaxing)
 .debug_str     0x000030fd       0x30 build/startup_stm32l432xx.o
                                 0x4a (size before relaxing)
 .debug_str     0x0000312d      0x123 /usr/lib/gcc/arm-none-eabi/13.1.0/../../../../arm-none-eabi/lib/thumb/v7e-m+fp/hard/libc_nano.a(libc_a-memset.o)
                                0x1bf (size before relaxing)
 .debug_str     0x00003250       0xa6 /usr/lib/gcc/arm-none-eabi/13.1.0/../../../../arm-none-eabi/lib/thumb/v7e-m+fp/hard/libc_nano.a(libc_a-init.o)
                                0x220 (size before relaxing)

.comment        0x00000000       0x3c
 .comment       0x00000000       0x1e build/can.o
                                 0x1f (size before relaxing)
 .comment       0x0000001e       0x1f build/can_comms.o
 .comment       0x0000001e       0x1f build/gpio.o
 .comment       0x0000001e       0x1f build/main.o
 .comment       0x0000001e       0x1f build/mission.o
 .comment       0x0000001e       0x1f build/spi.o
 .comment       0x0000001e       0x1f build/stm32l4xx_hal_msp.o
 .comment       0x0000001e       0x1f build/stm32l4xx_it.o
 .comment       0x0000001e       0x1f build/system_stm32l4xx.o
 .comment       0x0000001e       0x1f build/utils.o
 .comment       0x0000001e       0x1f build/ws2812_spi.o
 .comment       0x0000001e       0x1f build/stm32l4xx_hal.o
 .comment       0x0000001e       0x1f build/stm32l4xx_hal_can.o
 .comment       0x0000001e       0x1f build/stm32l4xx_hal_cortex.o
 .comment       0x0000001e       0x1f build/stm32l4xx_hal_dma.o
 .comment       0x0000001e       0x1f build/stm32l4xx_hal_gpio.o
 .comment       0x0000001e       0x1f build/stm32l4xx_hal_pwr_ex.o
 .comment       0x0000001e       0x1f build/stm32l4xx_hal_rcc.o
 .comment       0x0000001e       0x1f build/stm32l4xx_hal_spi.o
 .comment       0x0000001e       0x1e /usr/lib/gcc/arm-none-eabi/13.1.0/../../../../arm-none-eabi/lib/thumb/v7e-m+fp/hard/libc_nano.a(libc_a-memset.o)
                                 0x1f (size before relaxing)
 .comment       0x0000003c       0x1f /usr/lib/gcc/arm-none-eabi/13.1.0/../../../../arm-none-eabi/lib/thumb/v7e-m+fp/hard/libc_nano.a(libc_a-init.o)

.debug_frame    0x00000000     0x1760
 .debug_frame   0x00000000       0x88 build/can.o
 .debug_frame   0x00000088       0x70 build/can_comms.o
 .debug_frame   0x000000f8       0x28 build/gpio.o
 .debug_frame   0x00000120       0x58 build/main.o
 .debug_frame   0x00000178       0x88 build/mission.o
 .debug_frame   0x00000200       0x60 build/spi.o
 .debug_frame   0x00000260       0x28 build/stm32l4xx_hal_msp.o
 .debug_frame   0x00000288       0xd8 build/stm32l4xx_it.o
 .debug_frame   0x00000360       0x30 build/system_stm32l4xx.o
 .debug_frame   0x00000390       0x3c build/utils.o
 .debug_frame   0x000003cc       0x90 build/ws2812_spi.o
 .debug_frame   0x0000045c      0x21c build/stm32l4xx_hal.o
 .debug_frame   0x00000678      0x2dc build/stm32l4xx_hal_can.o
 .debug_frame   0x00000954      0x1e4 build/stm32l4xx_hal_cortex.o
 .debug_frame   0x00000b38      0x150 build/stm32l4xx_hal_dma.o
 .debug_frame   0x00000c88       0xd0 build/stm32l4xx_hal_gpio.o
 .debug_frame   0x00000d58      0x248 build/stm32l4xx_hal_pwr_ex.o
 .debug_frame   0x00000fa0      0x19c build/stm32l4xx_hal_rcc.o
 .debug_frame   0x0000113c      0x5d8 build/stm32l4xx_hal_spi.o
 .debug_frame   0x00001714       0x20 /usr/lib/gcc/arm-none-eabi/13.1.0/../../../../arm-none-eabi/lib/thumb/v7e-m+fp/hard/libc_nano.a(libc_a-memset.o)
 .debug_frame   0x00001734       0x2c /usr/lib/gcc/arm-none-eabi/13.1.0/../../../../arm-none-eabi/lib/thumb/v7e-m+fp/hard/libc_nano.a(libc_a-init.o)

.debug_line_str
                0x00000000       0x30
 .debug_line_str
                0x00000000       0x30 build/startup_stm32l432xx.o

Cross Reference Table

Symbol                                            File
ADC1_IRQHandler                                   build/startup_stm32l432xx.o
AHBPrescTable                                     build/system_stm32l4xx.o
                                                  build/stm32l4xx_hal_rcc.o
APBPrescTable                                     build/system_stm32l4xx.o
                                                  build/stm32l4xx_hal_rcc.o
BusFault_Handler                                  build/stm32l4xx_it.o
CAN1_RX0_IRQHandler                               build/stm32l4xx_it.o
CAN1_RX1_IRQHandler                               build/stm32l4xx_it.o
CAN1_SCE_IRQHandler                               build/startup_stm32l432xx.o
CAN1_TX_IRQHandler                                build/startup_stm32l432xx.o
COMP_IRQHandler                                   build/startup_stm32l432xx.o
CRS_IRQHandler                                    build/startup_stm32l432xx.o
DMA1_Channel1_IRQHandler                          build/startup_stm32l432xx.o
DMA1_Channel2_IRQHandler                          build/startup_stm32l432xx.o
DMA1_Channel3_IRQHandler                          build/startup_stm32l432xx.o
DMA1_Channel4_IRQHandler                          build/startup_stm32l432xx.o
DMA1_Channel5_IRQHandler                          build/startup_stm32l432xx.o
DMA1_Channel6_IRQHandler                          build/startup_stm32l432xx.o
DMA1_Channel7_IRQHandler                          build/startup_stm32l432xx.o
DMA2_Channel1_IRQHandler                          build/startup_stm32l432xx.o
DMA2_Channel2_IRQHandler                          build/startup_stm32l432xx.o
DMA2_Channel3_IRQHandler                          build/startup_stm32l432xx.o
DMA2_Channel4_IRQHandler                          build/startup_stm32l432xx.o
DMA2_Channel5_IRQHandler                          build/startup_stm32l432xx.o
DMA2_Channel6_IRQHandler                          build/startup_stm32l432xx.o
DMA2_Channel7_IRQHandler                          build/startup_stm32l432xx.o
DebugMon_Handler                                  build/stm32l4xx_it.o
Default_Handler                                   build/startup_stm32l432xx.o
EXTI0_IRQHandler                                  build/startup_stm32l432xx.o
EXTI15_10_IRQHandler                              build/startup_stm32l432xx.o
EXTI1_IRQHandler                                  build/startup_stm32l432xx.o
EXTI2_IRQHandler                                  build/startup_stm32l432xx.o
EXTI3_IRQHandler                                  build/startup_stm32l432xx.o
EXTI4_IRQHandler                                  build/startup_stm32l432xx.o
EXTI9_5_IRQHandler                                build/startup_stm32l432xx.o
Error_Handler                                     build/main.o
                                                  build/spi.o
                                                  build/can_comms.o
                                                  build/can.o
FLASH_FlushCaches                                 build/stm32l4xx_hal_flash_ex.o
                                                  build/stm32l4xx_hal_flash.o
FLASH_IRQHandler                                  build/startup_stm32l432xx.o
FLASH_PageErase                                   build/stm32l4xx_hal_flash_ex.o
                                                  build/stm32l4xx_hal_flash.o
FLASH_WaitForLastOperation                        build/stm32l4xx_hal_flash.o
                                                  build/stm32l4xx_hal_flash_ex.o
FPU_IRQHandler                                    build/startup_stm32l432xx.o
HAL_CAN_AbortTxRequest                            build/stm32l4xx_hal_can.o
                                                  build/can.o
HAL_CAN_ActivateNotification                      build/stm32l4xx_hal_can.o
HAL_CAN_AddTxMessage                              build/stm32l4xx_hal_can.o
                                                  build/can.o
HAL_CAN_ConfigFilter                              build/stm32l4xx_hal_can.o
HAL_CAN_DeInit                                    build/stm32l4xx_hal_can.o
HAL_CAN_DeactivateNotification                    build/stm32l4xx_hal_can.o
HAL_CAN_ErrorCallback                             build/stm32l4xx_hal_can.o
HAL_CAN_GetError                                  build/stm32l4xx_hal_can.o
HAL_CAN_GetRxFifoFillLevel                        build/stm32l4xx_hal_can.o
HAL_CAN_GetRxMessage                              build/stm32l4xx_hal_can.o
                                                  build/can_comms.o
HAL_CAN_GetState                                  build/stm32l4xx_hal_can.o
HAL_CAN_GetTxMailboxesFreeLevel                   build/stm32l4xx_hal_can.o
                                                  build/can.o
HAL_CAN_GetTxTimestamp                            build/stm32l4xx_hal_can.o
HAL_CAN_IRQHandler                                build/stm32l4xx_hal_can.o
                                                  build/stm32l4xx_it.o
HAL_CAN_Init                                      build/stm32l4xx_hal_can.o
                                                  build/can.o
HAL_CAN_IsSleepActive                             build/stm32l4xx_hal_can.o
HAL_CAN_IsTxMessagePending                        build/stm32l4xx_hal_can.o
HAL_CAN_MspDeInit                                 build/can.o
HAL_CAN_MspInit                                   build/can.o
HAL_CAN_RequestSleep                              build/stm32l4xx_hal_can.o
HAL_CAN_ResetError                                build/stm32l4xx_hal_can.o
                                                  build/can_comms.o
                                                  build/can.o
HAL_CAN_RxFifo0FullCallback                       build/stm32l4xx_hal_can.o
HAL_CAN_RxFifo0MsgPendingCallback                 build/can_comms.o
HAL_CAN_RxFifo1FullCallback                       build/stm32l4xx_hal_can.o
HAL_CAN_RxFifo1MsgPendingCallback                 build/can_comms.o
HAL_CAN_SleepCallback                             build/stm32l4xx_hal_can.o
HAL_CAN_Start                                     build/stm32l4xx_hal_can.o
HAL_CAN_Stop                                      build/stm32l4xx_hal_can.o
HAL_CAN_TxMailbox0AbortCallback                   build/stm32l4xx_hal_can.o
HAL_CAN_TxMailbox0CompleteCallback                build/stm32l4xx_hal_can.o
HAL_CAN_TxMailbox1AbortCallback                   build/stm32l4xx_hal_can.o
HAL_CAN_TxMailbox1CompleteCallback                build/stm32l4xx_hal_can.o
HAL_CAN_TxMailbox2AbortCallback                   build/stm32l4xx_hal_can.o
HAL_CAN_TxMailbox2CompleteCallback                build/stm32l4xx_hal_can.o
HAL_CAN_WakeUp                                    build/stm32l4xx_hal_can.o
HAL_CAN_WakeUpFromRxMsgCallback                   build/stm32l4xx_hal_can.o
HAL_DBGMCU_DisableDBGSleepMode                    build/stm32l4xx_hal.o
HAL_DBGMCU_DisableDBGStandbyMode                  build/stm32l4xx_hal.o
HAL_DBGMCU_DisableDBGStopMode                     build/stm32l4xx_hal.o
HAL_DBGMCU_EnableDBGSleepMode                     build/stm32l4xx_hal.o
HAL_DBGMCU_EnableDBGStandbyMode                   build/stm32l4xx_hal.o
HAL_DBGMCU_EnableDBGStopMode                      build/stm32l4xx_hal.o
HAL_DMA_Abort                                     build/stm32l4xx_hal_dma.o
                                                  build/stm32l4xx_hal_spi.o
HAL_DMA_Abort_IT                                  build/stm32l4xx_hal_dma.o
                                                  build/stm32l4xx_hal_spi.o
HAL_DMA_DeInit                                    build/stm32l4xx_hal_dma.o
HAL_DMA_GetError                                  build/stm32l4xx_hal_dma.o
HAL_DMA_GetState                                  build/stm32l4xx_hal_dma.o
HAL_DMA_IRQHandler                                build/stm32l4xx_hal_dma.o
HAL_DMA_Init                                      build/stm32l4xx_hal_dma.o
HAL_DMA_PollForTransfer                           build/stm32l4xx_hal_dma.o
HAL_DMA_RegisterCallback                          build/stm32l4xx_hal_dma.o
HAL_DMA_Start                                     build/stm32l4xx_hal_dma.o
HAL_DMA_Start_IT                                  build/stm32l4xx_hal_dma.o
                                                  build/stm32l4xx_hal_spi.o
HAL_DMA_UnRegisterCallback                        build/stm32l4xx_hal_dma.o
HAL_DeInit                                        build/stm32l4xx_hal.o
HAL_Delay                                         build/stm32l4xx_hal.o
HAL_EXTI_ClearConfigLine                          build/stm32l4xx_hal_exti.o
HAL_EXTI_ClearPending                             build/stm32l4xx_hal_exti.o
HAL_EXTI_GenerateSWI                              build/stm32l4xx_hal_exti.o
HAL_EXTI_GetConfigLine                            build/stm32l4xx_hal_exti.o
HAL_EXTI_GetHandle                                build/stm32l4xx_hal_exti.o
HAL_EXTI_GetPending                               build/stm32l4xx_hal_exti.o
HAL_EXTI_IRQHandler                               build/stm32l4xx_hal_exti.o
HAL_EXTI_RegisterCallback                         build/stm32l4xx_hal_exti.o
HAL_EXTI_SetConfigLine                            build/stm32l4xx_hal_exti.o
HAL_FLASHEx_DisableRunPowerDown                   build/stm32l4xx_hal_flash_ramfunc.o
HAL_FLASHEx_EnableRunPowerDown                    build/stm32l4xx_hal_flash_ramfunc.o
HAL_FLASHEx_Erase                                 build/stm32l4xx_hal_flash_ex.o
HAL_FLASHEx_Erase_IT                              build/stm32l4xx_hal_flash_ex.o
HAL_FLASHEx_OBGetConfig                           build/stm32l4xx_hal_flash_ex.o
HAL_FLASHEx_OBProgram                             build/stm32l4xx_hal_flash_ex.o
HAL_FLASH_EndOfOperationCallback                  build/stm32l4xx_hal_flash.o
HAL_FLASH_GetError                                build/stm32l4xx_hal_flash.o
HAL_FLASH_IRQHandler                              build/stm32l4xx_hal_flash.o
HAL_FLASH_Lock                                    build/stm32l4xx_hal_flash.o
HAL_FLASH_OB_Launch                               build/stm32l4xx_hal_flash.o
HAL_FLASH_OB_Lock                                 build/stm32l4xx_hal_flash.o
HAL_FLASH_OB_Unlock                               build/stm32l4xx_hal_flash.o
HAL_FLASH_OperationErrorCallback                  build/stm32l4xx_hal_flash.o
HAL_FLASH_Program                                 build/stm32l4xx_hal_flash.o
HAL_FLASH_Program_IT                              build/stm32l4xx_hal_flash.o
HAL_FLASH_Unlock                                  build/stm32l4xx_hal_flash.o
HAL_GPIO_DeInit                                   build/stm32l4xx_hal_gpio.o
                                                  build/spi.o
                                                  build/can.o
HAL_GPIO_EXTI_Callback                            build/stm32l4xx_hal_gpio.o
HAL_GPIO_EXTI_IRQHandler                          build/stm32l4xx_hal_gpio.o
HAL_GPIO_Init                                     build/stm32l4xx_hal_gpio.o
                                                  build/stm32l4xx_hal_rcc_ex.o
                                                  build/stm32l4xx_hal_rcc.o
                                                  build/spi.o
                                                  build/can.o
HAL_GPIO_LockPin                                  build/stm32l4xx_hal_gpio.o
HAL_GPIO_ReadPin                                  build/stm32l4xx_hal_gpio.o
HAL_GPIO_TogglePin                                build/stm32l4xx_hal_gpio.o
HAL_GPIO_WritePin                                 build/stm32l4xx_hal_gpio.o
HAL_GetDEVID                                      build/stm32l4xx_hal.o
HAL_GetHalVersion                                 build/stm32l4xx_hal.o
HAL_GetREVID                                      build/stm32l4xx_hal.o
HAL_GetTick                                       build/stm32l4xx_hal.o
                                                  build/stm32l4xx_hal_spi.o
                                                  build/stm32l4xx_hal_rcc_ex.o
                                                  build/stm32l4xx_hal_rcc.o
                                                  build/stm32l4xx_hal_flash.o
                                                  build/stm32l4xx_hal_dma.o
                                                  build/stm32l4xx_hal_can.o
HAL_GetTickFreq                                   build/stm32l4xx_hal.o
HAL_GetTickPrio                                   build/stm32l4xx_hal.o
HAL_GetUIDw0                                      build/stm32l4xx_hal.o
HAL_GetUIDw1                                      build/stm32l4xx_hal.o
HAL_GetUIDw2                                      build/stm32l4xx_hal.o
HAL_IncTick                                       build/stm32l4xx_hal.o
                                                  build/stm32l4xx_it.o
HAL_Init                                          build/stm32l4xx_hal.o
                                                  build/main.o
HAL_InitTick                                      build/stm32l4xx_hal.o
                                                  build/stm32l4xx_hal_rcc.o
HAL_MPU_ConfigRegion                              build/stm32l4xx_hal_cortex.o
HAL_MPU_Disable                                   build/stm32l4xx_hal_cortex.o
HAL_MPU_Enable                                    build/stm32l4xx_hal_cortex.o
HAL_MspDeInit                                     build/stm32l4xx_hal.o
HAL_MspInit                                       build/stm32l4xx_hal_msp.o
HAL_NVIC_ClearPendingIRQ                          build/stm32l4xx_hal_cortex.o
HAL_NVIC_DisableIRQ                               build/stm32l4xx_hal_cortex.o
                                                  build/can.o
HAL_NVIC_EnableIRQ                                build/stm32l4xx_hal_cortex.o
                                                  build/can.o
HAL_NVIC_GetActive                                build/stm32l4xx_hal_cortex.o
HAL_NVIC_GetPendingIRQ                            build/stm32l4xx_hal_cortex.o
HAL_NVIC_GetPriority                              build/stm32l4xx_hal_cortex.o
HAL_NVIC_GetPriorityGrouping                      build/stm32l4xx_hal_cortex.o
HAL_NVIC_SetPendingIRQ                            build/stm32l4xx_hal_cortex.o
HAL_NVIC_SetPriority                              build/stm32l4xx_hal_cortex.o
                                                  build/stm32l4xx_hal.o
                                                  build/can.o
HAL_NVIC_SetPriorityGrouping                      build/stm32l4xx_hal_cortex.o
                                                  build/stm32l4xx_hal.o
HAL_NVIC_SystemReset                              build/stm32l4xx_hal_cortex.o
HAL_PWREx_ConfigPVM                               build/stm32l4xx_hal_pwr_ex.o
HAL_PWREx_ControlVoltageScaling                   build/stm32l4xx_hal_pwr_ex.o
                                                  build/main.o
HAL_PWREx_DisableBatteryCharging                  build/stm32l4xx_hal_pwr_ex.o
HAL_PWREx_DisableGPIOPullDown                     build/stm32l4xx_hal_pwr_ex.o
HAL_PWREx_DisableGPIOPullUp                       build/stm32l4xx_hal_pwr_ex.o
HAL_PWREx_DisableInternalWakeUpLine               build/stm32l4xx_hal_pwr_ex.o
HAL_PWREx_DisableLowPowerRunMode                  build/stm32l4xx_hal_pwr_ex.o
                                                  build/stm32l4xx_hal_pwr.o
HAL_PWREx_DisablePVM1                             build/stm32l4xx_hal_pwr_ex.o
HAL_PWREx_DisablePVM3                             build/stm32l4xx_hal_pwr_ex.o
HAL_PWREx_DisablePVM4                             build/stm32l4xx_hal_pwr_ex.o
HAL_PWREx_DisablePullUpPullDownConfig             build/stm32l4xx_hal_pwr_ex.o
HAL_PWREx_DisableSRAM2ContentRetention            build/stm32l4xx_hal_pwr_ex.o
HAL_PWREx_DisableVddUSB                           build/stm32l4xx_hal_pwr_ex.o
HAL_PWREx_EnableBatteryCharging                   build/stm32l4xx_hal_pwr_ex.o
HAL_PWREx_EnableGPIOPullDown                      build/stm32l4xx_hal_pwr_ex.o
HAL_PWREx_EnableGPIOPullUp                        build/stm32l4xx_hal_pwr_ex.o
HAL_PWREx_EnableInternalWakeUpLine                build/stm32l4xx_hal_pwr_ex.o
HAL_PWREx_EnableLowPowerRunMode                   build/stm32l4xx_hal_pwr_ex.o
                                                  build/stm32l4xx_hal_pwr.o
HAL_PWREx_EnablePVM1                              build/stm32l4xx_hal_pwr_ex.o
HAL_PWREx_EnablePVM3                              build/stm32l4xx_hal_pwr_ex.o
HAL_PWREx_EnablePVM4                              build/stm32l4xx_hal_pwr_ex.o
HAL_PWREx_EnablePullUpPullDownConfig              build/stm32l4xx_hal_pwr_ex.o
HAL_PWREx_EnableSRAM2ContentRetention             build/stm32l4xx_hal_pwr_ex.o
HAL_PWREx_EnableVddUSB                            build/stm32l4xx_hal_pwr_ex.o
HAL_PWREx_EnterSHUTDOWNMode                       build/stm32l4xx_hal_pwr_ex.o
HAL_PWREx_EnterSTOP0Mode                          build/stm32l4xx_hal_pwr_ex.o
                                                  build/stm32l4xx_hal_pwr.o
HAL_PWREx_EnterSTOP1Mode                          build/stm32l4xx_hal_pwr_ex.o
                                                  build/stm32l4xx_hal_pwr.o
HAL_PWREx_EnterSTOP2Mode                          build/stm32l4xx_hal_pwr_ex.o
HAL_PWREx_GetVoltageRange                         build/stm32l4xx_hal_pwr_ex.o
                                                  build/stm32l4xx_hal_rcc.o
HAL_PWREx_PVD_PVM_IRQHandler                      build/stm32l4xx_hal_pwr_ex.o
HAL_PWREx_PVM1Callback                            build/stm32l4xx_hal_pwr_ex.o
HAL_PWREx_PVM3Callback                            build/stm32l4xx_hal_pwr_ex.o
HAL_PWREx_PVM4Callback                            build/stm32l4xx_hal_pwr_ex.o
HAL_PWREx_SetSRAM2ContentRetention                build/stm32l4xx_hal_pwr_ex.o
HAL_PWR_ConfigPVD                                 build/stm32l4xx_hal_pwr.o
HAL_PWR_DeInit                                    build/stm32l4xx_hal_pwr.o
HAL_PWR_DisableBkUpAccess                         build/stm32l4xx_hal_pwr.o
                                                  build/stm32l4xx_hal_rcc_ex.o
HAL_PWR_DisablePVD                                build/stm32l4xx_hal_pwr.o
HAL_PWR_DisableSEVOnPend                          build/stm32l4xx_hal_pwr.o
HAL_PWR_DisableSleepOnExit                        build/stm32l4xx_hal_pwr.o
HAL_PWR_DisableWakeUpPin                          build/stm32l4xx_hal_pwr.o
HAL_PWR_EnableBkUpAccess                          build/stm32l4xx_hal_pwr.o
                                                  build/stm32l4xx_hal_rcc_ex.o
HAL_PWR_EnablePVD                                 build/stm32l4xx_hal_pwr.o
HAL_PWR_EnableSEVOnPend                           build/stm32l4xx_hal_pwr.o
HAL_PWR_EnableSleepOnExit                         build/stm32l4xx_hal_pwr.o
HAL_PWR_EnableWakeUpPin                           build/stm32l4xx_hal_pwr.o
HAL_PWR_EnterSLEEPMode                            build/stm32l4xx_hal_pwr.o
HAL_PWR_EnterSTANDBYMode                          build/stm32l4xx_hal_pwr.o
HAL_PWR_EnterSTOPMode                             build/stm32l4xx_hal_pwr.o
HAL_PWR_PVDCallback                               build/stm32l4xx_hal_pwr.o
                                                  build/stm32l4xx_hal_pwr_ex.o
HAL_RCCEx_CRSConfig                               build/stm32l4xx_hal_rcc_ex.o
HAL_RCCEx_CRSGetSynchronizationInfo               build/stm32l4xx_hal_rcc_ex.o
HAL_RCCEx_CRSSoftwareSynchronizationGenerate      build/stm32l4xx_hal_rcc_ex.o
HAL_RCCEx_CRSWaitSynchronization                  build/stm32l4xx_hal_rcc_ex.o
HAL_RCCEx_CRS_ErrorCallback                       build/stm32l4xx_hal_rcc_ex.o
HAL_RCCEx_CRS_ExpectedSyncCallback                build/stm32l4xx_hal_rcc_ex.o
HAL_RCCEx_CRS_IRQHandler                          build/stm32l4xx_hal_rcc_ex.o
HAL_RCCEx_CRS_SyncOkCallback                      build/stm32l4xx_hal_rcc_ex.o
HAL_RCCEx_CRS_SyncWarnCallback                    build/stm32l4xx_hal_rcc_ex.o
HAL_RCCEx_DisableLSCO                             build/stm32l4xx_hal_rcc_ex.o
HAL_RCCEx_DisableLSECSS                           build/stm32l4xx_hal_rcc_ex.o
HAL_RCCEx_DisableMSIPLLMode                       build/stm32l4xx_hal_rcc_ex.o
HAL_RCCEx_DisablePLLSAI1                          build/stm32l4xx_hal_rcc_ex.o
HAL_RCCEx_EnableLSCO                              build/stm32l4xx_hal_rcc_ex.o
HAL_RCCEx_EnableLSECSS                            build/stm32l4xx_hal_rcc_ex.o
HAL_RCCEx_EnableLSECSS_IT                         build/stm32l4xx_hal_rcc_ex.o
HAL_RCCEx_EnableMSIPLLMode                        build/stm32l4xx_hal_rcc_ex.o
HAL_RCCEx_EnablePLLSAI1                           build/stm32l4xx_hal_rcc_ex.o
HAL_RCCEx_GetPeriphCLKConfig                      build/stm32l4xx_hal_rcc_ex.o
HAL_RCCEx_GetPeriphCLKFreq                        build/stm32l4xx_hal_rcc_ex.o
HAL_RCCEx_LSECSS_Callback                         build/stm32l4xx_hal_rcc_ex.o
HAL_RCCEx_LSECSS_IRQHandler                       build/stm32l4xx_hal_rcc_ex.o
HAL_RCCEx_PeriphCLKConfig                         build/stm32l4xx_hal_rcc_ex.o
HAL_RCCEx_StandbyMSIRangeConfig                   build/stm32l4xx_hal_rcc_ex.o
HAL_RCCEx_WakeUpStopCLKConfig                     build/stm32l4xx_hal_rcc_ex.o
HAL_RCC_CSSCallback                               build/stm32l4xx_hal_rcc.o
HAL_RCC_ClockConfig                               build/stm32l4xx_hal_rcc.o
                                                  build/main.o
HAL_RCC_DeInit                                    build/stm32l4xx_hal_rcc.o
HAL_RCC_EnableCSS                                 build/stm32l4xx_hal_rcc.o
HAL_RCC_GetClockConfig                            build/stm32l4xx_hal_rcc.o
HAL_RCC_GetHCLKFreq                               build/stm32l4xx_hal_rcc.o
HAL_RCC_GetOscConfig                              build/stm32l4xx_hal_rcc.o
HAL_RCC_GetPCLK1Freq                              build/stm32l4xx_hal_rcc.o
                                                  build/stm32l4xx_hal_rcc_ex.o
HAL_RCC_GetPCLK2Freq                              build/stm32l4xx_hal_rcc.o
                                                  build/stm32l4xx_hal_rcc_ex.o
HAL_RCC_GetResetSource                            build/stm32l4xx_hal_rcc.o
HAL_RCC_GetSysClockFreq                           build/stm32l4xx_hal_rcc.o
                                                  build/stm32l4xx_hal_rcc_ex.o
HAL_RCC_MCOConfig                                 build/stm32l4xx_hal_rcc.o
HAL_RCC_NMI_IRQHandler                            build/stm32l4xx_hal_rcc.o
HAL_RCC_OscConfig                                 build/stm32l4xx_hal_rcc.o
                                                  build/main.o
HAL_ResumeTick                                    build/stm32l4xx_hal.o
HAL_SPIEx_FlushRxFifo                             build/stm32l4xx_hal_spi_ex.o
HAL_SPI_Abort                                     build/stm32l4xx_hal_spi.o
HAL_SPI_AbortCpltCallback                         build/stm32l4xx_hal_spi.o
HAL_SPI_Abort_IT                                  build/stm32l4xx_hal_spi.o
HAL_SPI_DMAPause                                  build/stm32l4xx_hal_spi.o
HAL_SPI_DMAResume                                 build/stm32l4xx_hal_spi.o
HAL_SPI_DMAStop                                   build/stm32l4xx_hal_spi.o
HAL_SPI_DeInit                                    build/stm32l4xx_hal_spi.o
HAL_SPI_ErrorCallback                             build/stm32l4xx_hal_spi.o
HAL_SPI_GetError                                  build/stm32l4xx_hal_spi.o
HAL_SPI_GetState                                  build/stm32l4xx_hal_spi.o
HAL_SPI_IRQHandler                                build/stm32l4xx_hal_spi.o
HAL_SPI_Init                                      build/stm32l4xx_hal_spi.o
                                                  build/spi.o
HAL_SPI_MspDeInit                                 build/spi.o
HAL_SPI_MspInit                                   build/spi.o
HAL_SPI_Receive                                   build/stm32l4xx_hal_spi.o
HAL_SPI_Receive_DMA                               build/stm32l4xx_hal_spi.o
HAL_SPI_Receive_IT                                build/stm32l4xx_hal_spi.o
HAL_SPI_RxCpltCallback                            build/stm32l4xx_hal_spi.o
HAL_SPI_RxHalfCpltCallback                        build/stm32l4xx_hal_spi.o
HAL_SPI_Transmit                                  build/stm32l4xx_hal_spi.o
HAL_SPI_TransmitReceive                           build/stm32l4xx_hal_spi.o
HAL_SPI_TransmitReceive_DMA                       build/stm32l4xx_hal_spi.o
HAL_SPI_TransmitReceive_IT                        build/stm32l4xx_hal_spi.o
HAL_SPI_Transmit_DMA                              build/stm32l4xx_hal_spi.o
                                                  build/ws2812_spi.o
HAL_SPI_Transmit_IT                               build/stm32l4xx_hal_spi.o
HAL_SPI_TxCpltCallback                            build/ws2812_spi.o
HAL_SPI_TxHalfCpltCallback                        build/ws2812_spi.o
HAL_SPI_TxRxCpltCallback                          build/stm32l4xx_hal_spi.o
HAL_SPI_TxRxHalfCpltCallback                      build/stm32l4xx_hal_spi.o
HAL_SYSCFG_DisableIOAnalogSwitchBooster           build/stm32l4xx_hal.o
HAL_SYSCFG_DisableMemorySwappingBank              build/stm32l4xx_hal.o
HAL_SYSCFG_EnableIOAnalogSwitchBooster            build/stm32l4xx_hal.o
HAL_SYSCFG_EnableMemorySwappingBank               build/stm32l4xx_hal.o
HAL_SYSCFG_SRAM2Erase                             build/stm32l4xx_hal.o
HAL_SYSTICK_CLKSourceConfig                       build/stm32l4xx_hal_cortex.o
HAL_SYSTICK_Callback                              build/stm32l4xx_hal_cortex.o
HAL_SYSTICK_Config                                build/stm32l4xx_hal_cortex.o
                                                  build/stm32l4xx_hal.o
HAL_SYSTICK_IRQHandler                            build/stm32l4xx_hal_cortex.o
HAL_SetTickFreq                                   build/stm32l4xx_hal.o
HAL_SuspendTick                                   build/stm32l4xx_hal.o
HardFault_Handler                                 build/stm32l4xx_it.o
I2C1_ER_IRQHandler                                build/startup_stm32l432xx.o
I2C1_EV_IRQHandler                                build/startup_stm32l432xx.o
I2C3_ER_IRQHandler                                build/startup_stm32l432xx.o
I2C3_EV_IRQHandler                                build/startup_stm32l432xx.o
LPTIM1_IRQHandler                                 build/startup_stm32l432xx.o
LPTIM2_IRQHandler                                 build/startup_stm32l432xx.o
LPUART1_IRQHandler                                build/startup_stm32l432xx.o
MSIRangeTable                                     build/system_stm32l4xx.o
                                                  build/stm32l4xx_hal_rcc_ex.o
                                                  build/stm32l4xx_hal_rcc.o
MX_CAN1_Init                                      build/can.o
                                                  build/main.o
MX_GPIO_Init                                      build/gpio.o
                                                  build/main.o
MX_SPI1_Init                                      build/spi.o
                                                  build/main.o
MemManage_Handler                                 build/stm32l4xx_it.o
NMI_Handler                                       build/stm32l4xx_it.o
PVD_PVM_IRQHandler                                build/startup_stm32l432xx.o
PendSV_Handler                                    build/stm32l4xx_it.o
QUADSPI_IRQHandler                                build/startup_stm32l432xx.o
RCC_IRQHandler                                    build/startup_stm32l432xx.o
RNG_IRQHandler                                    build/startup_stm32l432xx.o
RTC_Alarm_IRQHandler                              build/startup_stm32l432xx.o
RTC_WKUP_IRQHandler                               build/startup_stm32l432xx.o
Reset_Handler                                     build/startup_stm32l432xx.o
SAI1_IRQHandler                                   build/startup_stm32l432xx.o
SPI1_IRQHandler                                   build/startup_stm32l432xx.o
SPI3_IRQHandler                                   build/startup_stm32l432xx.o
SVC_Handler                                       build/stm32l4xx_it.o
SWPMI1_IRQHandler                                 build/startup_stm32l432xx.o
SysTick_Handler                                   build/stm32l4xx_it.o
SystemClock_Config                                build/main.o
SystemCoreClock                                   build/system_stm32l4xx.o
                                                  build/stm32l4xx_hal_spi.o
                                                  build/stm32l4xx_hal_rcc.o
                                                  build/stm32l4xx_hal_pwr_ex.o
                                                  build/stm32l4xx_hal.o
SystemCoreClockUpdate                             build/system_stm32l4xx.o
SystemInit                                        build/system_stm32l4xx.o
                                                  build/startup_stm32l432xx.o
TAMP_STAMP_IRQHandler                             build/startup_stm32l432xx.o
TIM1_BRK_TIM15_IRQHandler                         build/startup_stm32l432xx.o
TIM1_CC_IRQHandler                                build/startup_stm32l432xx.o
TIM1_TRG_COM_IRQHandler                           build/startup_stm32l432xx.o
TIM1_UP_TIM16_IRQHandler                          build/startup_stm32l432xx.o
TIM2_IRQHandler                                   build/startup_stm32l432xx.o
TIM6_DAC_IRQHandler                               build/startup_stm32l432xx.o
TIM7_IRQHandler                                   build/startup_stm32l432xx.o
TSC_IRQHandler                                    build/startup_stm32l432xx.o
USART1_IRQHandler                                 build/startup_stm32l432xx.o
USART2_IRQHandler                                 build/startup_stm32l432xx.o
USB_IRQHandler                                    build/startup_stm32l432xx.o
UsageFault_Handler                                build/stm32l4xx_it.o
WWDG_IRQHandler                                   build/startup_stm32l432xx.o
__atexit                                          /usr/lib/gcc/arm-none-eabi/13.1.0/../../../../arm-none-eabi/lib/thumb/v7e-m+fp/hard/libc_nano.a(libc_a-__call_atexit.o)
                                                  /usr/lib/gcc/arm-none-eabi/13.1.0/../../../../arm-none-eabi/lib/thumb/v7e-m+fp/hard/libc_nano.a(libc_a-__atexit.o)
__atexit0                                         /usr/lib/gcc/arm-none-eabi/13.1.0/../../../../arm-none-eabi/lib/thumb/v7e-m+fp/hard/libc_nano.a(libc_a-__atexit.o)
__atexit_dummy                                    /usr/lib/gcc/arm-none-eabi/13.1.0/../../../../arm-none-eabi/lib/thumb/v7e-m+fp/hard/libc_nano.a(libc_a-__atexit.o)
__atexit_recursive_mutex                          /usr/lib/gcc/arm-none-eabi/13.1.0/../../../../arm-none-eabi/lib/thumb/v7e-m+fp/hard/libc_nano.a(libc_a-__call_atexit.o)
                                                  /usr/lib/gcc/arm-none-eabi/13.1.0/../../../../arm-none-eabi/lib/thumb/v7e-m+fp/hard/libc_nano.a(libc_a-__atexit.o)
__bss_end__                                       /usr/lib/gcc/arm-none-eabi/13.1.0/../../../../arm-none-eabi/lib/thumb/v7e-m+fp/hard/crt0.o
__bss_start__                                     /usr/lib/gcc/arm-none-eabi/13.1.0/../../../../arm-none-eabi/lib/thumb/v7e-m+fp/hard/crt0.o
__call_exitprocs                                  /usr/lib/gcc/arm-none-eabi/13.1.0/../../../../arm-none-eabi/lib/thumb/v7e-m+fp/hard/libc_nano.a(libc_a-__call_atexit.o)
                                                  /usr/lib/gcc/arm-none-eabi/13.1.0/../../../../arm-none-eabi/lib/thumb/v7e-m+fp/hard/libc_nano.a(libc_a-__atexit.o)
                                                  /usr/lib/gcc/arm-none-eabi/13.1.0/../../../../arm-none-eabi/lib/thumb/v7e-m+fp/hard/libc_nano.a(libc_a-exit.o)
__deregister_frame_info                           /usr/lib/gcc/arm-none-eabi/13.1.0/thumb/v7e-m+fp/hard/crtbegin.o
__dso_handle                                      /usr/lib/gcc/arm-none-eabi/13.1.0/thumb/v7e-m+fp/hard/crtbegin.o
__fini_array_end                                  /usr/lib/gcc/arm-none-eabi/13.1.0/../../../../arm-none-eabi/lib/thumb/v7e-m+fp/hard/libc_nano.a(libc_a-fini.o)
__fini_array_start                                /usr/lib/gcc/arm-none-eabi/13.1.0/../../../../arm-none-eabi/lib/thumb/v7e-m+fp/hard/libc_nano.a(libc_a-fini.o)
__fp_lock_all                                     /usr/lib/gcc/arm-none-eabi/13.1.0/../../../../arm-none-eabi/lib/thumb/v7e-m+fp/hard/libc_nano.a(libc_a-findfp.o)
__fp_unlock_all                                   /usr/lib/gcc/arm-none-eabi/13.1.0/../../../../arm-none-eabi/lib/thumb/v7e-m+fp/hard/libc_nano.a(libc_a-findfp.o)
__init_array_end                                  /usr/lib/gcc/arm-none-eabi/13.1.0/../../../../arm-none-eabi/lib/thumb/v7e-m+fp/hard/libc_nano.a(libc_a-init.o)
__init_array_start                                /usr/lib/gcc/arm-none-eabi/13.1.0/../../../../arm-none-eabi/lib/thumb/v7e-m+fp/hard/libc_nano.a(libc_a-init.o)
__libc_fini_array                                 /usr/lib/gcc/arm-none-eabi/13.1.0/../../../../arm-none-eabi/lib/thumb/v7e-m+fp/hard/libc_nano.a(libc_a-fini.o)
                                                  /usr/lib/gcc/arm-none-eabi/13.1.0/../../../../arm-none-eabi/lib/thumb/v7e-m+fp/hard/crt0.o
__libc_init_array                                 /usr/lib/gcc/arm-none-eabi/13.1.0/../../../../arm-none-eabi/lib/thumb/v7e-m+fp/hard/libc_nano.a(libc_a-init.o)
                                                  build/startup_stm32l432xx.o
                                                  /usr/lib/gcc/arm-none-eabi/13.1.0/../../../../arm-none-eabi/lib/thumb/v7e-m+fp/hard/crt0.o
__lock___arc4random_mutex                         /usr/lib/gcc/arm-none-eabi/13.1.0/../../../../arm-none-eabi/lib/thumb/v7e-m+fp/hard/libc_nano.a(libc_a-lock.o)
__lock___at_quick_exit_mutex                      /usr/lib/gcc/arm-none-eabi/13.1.0/../../../../arm-none-eabi/lib/thumb/v7e-m+fp/hard/libc_nano.a(libc_a-lock.o)
__lock___atexit_recursive_mutex                   /usr/lib/gcc/arm-none-eabi/13.1.0/../../../../arm-none-eabi/lib/thumb/v7e-m+fp/hard/libc_nano.a(libc_a-lock.o)
                                                  /usr/lib/gcc/arm-none-eabi/13.1.0/../../../../arm-none-eabi/lib/thumb/v7e-m+fp/hard/libc_nano.a(libc_a-__call_atexit.o)
__lock___dd_hash_mutex                            /usr/lib/gcc/arm-none-eabi/13.1.0/../../../../arm-none-eabi/lib/thumb/v7e-m+fp/hard/libc_nano.a(libc_a-lock.o)
__lock___env_recursive_mutex                      /usr/lib/gcc/arm-none-eabi/13.1.0/../../../../arm-none-eabi/lib/thumb/v7e-m+fp/hard/libc_nano.a(libc_a-lock.o)
__lock___malloc_recursive_mutex                   /usr/lib/gcc/arm-none-eabi/13.1.0/../../../../arm-none-eabi/lib/thumb/v7e-m+fp/hard/libc_nano.a(libc_a-lock.o)
                                                  /usr/lib/gcc/arm-none-eabi/13.1.0/../../../../arm-none-eabi/lib/thumb/v7e-m+fp/hard/libc_nano.a(libc_a-mlock.o)
__lock___sfp_recursive_mutex                      /usr/lib/gcc/arm-none-eabi/13.1.0/../../../../arm-none-eabi/lib/thumb/v7e-m+fp/hard/libc_nano.a(libc_a-lock.o)
                                                  /usr/lib/gcc/arm-none-eabi/13.1.0/../../../../arm-none-eabi/lib/thumb/v7e-m+fp/hard/libc_nano.a(libc_a-findfp.o)
__lock___tz_mutex                                 /usr/lib/gcc/arm-none-eabi/13.1.0/../../../../arm-none-eabi/lib/thumb/v7e-m+fp/hard/libc_nano.a(libc_a-lock.o)
__malloc_free_list                                /usr/lib/gcc/arm-none-eabi/13.1.0/../../../../arm-none-eabi/lib/thumb/v7e-m+fp/hard/libc_nano.a(libc_a-mallocr.o)
                                                  /usr/lib/gcc/arm-none-eabi/13.1.0/../../../../arm-none-eabi/lib/thumb/v7e-m+fp/hard/libc_nano.a(libc_a-freer.o)
__malloc_lock                                     /usr/lib/gcc/arm-none-eabi/13.1.0/../../../../arm-none-eabi/lib/thumb/v7e-m+fp/hard/libc_nano.a(libc_a-mlock.o)
                                                  /usr/lib/gcc/arm-none-eabi/13.1.0/../../../../arm-none-eabi/lib/thumb/v7e-m+fp/hard/libc_nano.a(libc_a-mallocr.o)
                                                  /usr/lib/gcc/arm-none-eabi/13.1.0/../../../../arm-none-eabi/lib/thumb/v7e-m+fp/hard/libc_nano.a(libc_a-freer.o)
__malloc_sbrk_start                               /usr/lib/gcc/arm-none-eabi/13.1.0/../../../../arm-none-eabi/lib/thumb/v7e-m+fp/hard/libc_nano.a(libc_a-mallocr.o)
__malloc_unlock                                   /usr/lib/gcc/arm-none-eabi/13.1.0/../../../../arm-none-eabi/lib/thumb/v7e-m+fp/hard/libc_nano.a(libc_a-mlock.o)
                                                  /usr/lib/gcc/arm-none-eabi/13.1.0/../../../../arm-none-eabi/lib/thumb/v7e-m+fp/hard/libc_nano.a(libc_a-mallocr.o)
                                                  /usr/lib/gcc/arm-none-eabi/13.1.0/../../../../arm-none-eabi/lib/thumb/v7e-m+fp/hard/libc_nano.a(libc_a-freer.o)
__on_exit_args                                    /usr/lib/gcc/arm-none-eabi/13.1.0/../../../../arm-none-eabi/lib/thumb/v7e-m+fp/hard/libc_nano.a(libc_a-__atexit.o)
__preinit_array_end                               /usr/lib/gcc/arm-none-eabi/13.1.0/../../../../arm-none-eabi/lib/thumb/v7e-m+fp/hard/libc_nano.a(libc_a-init.o)
__preinit_array_start                             /usr/lib/gcc/arm-none-eabi/13.1.0/../../../../arm-none-eabi/lib/thumb/v7e-m+fp/hard/libc_nano.a(libc_a-init.o)
__register_exitproc                               /usr/lib/gcc/arm-none-eabi/13.1.0/../../../../arm-none-eabi/lib/thumb/v7e-m+fp/hard/libc_nano.a(libc_a-__atexit.o)
                                                  /usr/lib/gcc/arm-none-eabi/13.1.0/../../../../arm-none-eabi/lib/thumb/v7e-m+fp/hard/libc_nano.a(libc_a-atexit.o)
__register_frame_info                             /usr/lib/gcc/arm-none-eabi/13.1.0/thumb/v7e-m+fp/hard/crtbegin.o
__retarget_lock_acquire                           /usr/lib/gcc/arm-none-eabi/13.1.0/../../../../arm-none-eabi/lib/thumb/v7e-m+fp/hard/libc_nano.a(libc_a-lock.o)
__retarget_lock_acquire_recursive                 /usr/lib/gcc/arm-none-eabi/13.1.0/../../../../arm-none-eabi/lib/thumb/v7e-m+fp/hard/libc_nano.a(libc_a-lock.o)
                                                  /usr/lib/gcc/arm-none-eabi/13.1.0/../../../../arm-none-eabi/lib/thumb/v7e-m+fp/hard/libc_nano.a(libc_a-fflush.o)
                                                  /usr/lib/gcc/arm-none-eabi/13.1.0/../../../../arm-none-eabi/lib/thumb/v7e-m+fp/hard/libc_nano.a(libc_a-mlock.o)
                                                  /usr/lib/gcc/arm-none-eabi/13.1.0/../../../../arm-none-eabi/lib/thumb/v7e-m+fp/hard/libc_nano.a(libc_a-__call_atexit.o)
                                                  /usr/lib/gcc/arm-none-eabi/13.1.0/../../../../arm-none-eabi/lib/thumb/v7e-m+fp/hard/libc_nano.a(libc_a-__atexit.o)
                                                  /usr/lib/gcc/arm-none-eabi/13.1.0/../../../../arm-none-eabi/lib/thumb/v7e-m+fp/hard/libc_nano.a(libc_a-findfp.o)
__retarget_lock_close                             /usr/lib/gcc/arm-none-eabi/13.1.0/../../../../arm-none-eabi/lib/thumb/v7e-m+fp/hard/libc_nano.a(libc_a-lock.o)
__retarget_lock_close_recursive                   /usr/lib/gcc/arm-none-eabi/13.1.0/../../../../arm-none-eabi/lib/thumb/v7e-m+fp/hard/libc_nano.a(libc_a-lock.o)
__retarget_lock_init                              /usr/lib/gcc/arm-none-eabi/13.1.0/../../../../arm-none-eabi/lib/thumb/v7e-m+fp/hard/libc_nano.a(libc_a-lock.o)
__retarget_lock_init_recursive                    /usr/lib/gcc/arm-none-eabi/13.1.0/../../../../arm-none-eabi/lib/thumb/v7e-m+fp/hard/libc_nano.a(libc_a-lock.o)
                                                  /usr/lib/gcc/arm-none-eabi/13.1.0/../../../../arm-none-eabi/lib/thumb/v7e-m+fp/hard/libc_nano.a(libc_a-findfp.o)
__retarget_lock_release                           /usr/lib/gcc/arm-none-eabi/13.1.0/../../../../arm-none-eabi/lib/thumb/v7e-m+fp/hard/libc_nano.a(libc_a-lock.o)
__retarget_lock_release_recursive                 /usr/lib/gcc/arm-none-eabi/13.1.0/../../../../arm-none-eabi/lib/thumb/v7e-m+fp/hard/libc_nano.a(libc_a-lock.o)
                                                  /usr/lib/gcc/arm-none-eabi/13.1.0/../../../../arm-none-eabi/lib/thumb/v7e-m+fp/hard/libc_nano.a(libc_a-fflush.o)
                                                  /usr/lib/gcc/arm-none-eabi/13.1.0/../../../../arm-none-eabi/lib/thumb/v7e-m+fp/hard/libc_nano.a(libc_a-mlock.o)
                                                  /usr/lib/gcc/arm-none-eabi/13.1.0/../../../../arm-none-eabi/lib/thumb/v7e-m+fp/hard/libc_nano.a(libc_a-__call_atexit.o)
                                                  /usr/lib/gcc/arm-none-eabi/13.1.0/../../../../arm-none-eabi/lib/thumb/v7e-m+fp/hard/libc_nano.a(libc_a-__atexit.o)
                                                  /usr/lib/gcc/arm-none-eabi/13.1.0/../../../../arm-none-eabi/lib/thumb/v7e-m+fp/hard/libc_nano.a(libc_a-findfp.o)
__retarget_lock_try_acquire                       /usr/lib/gcc/arm-none-eabi/13.1.0/../../../../arm-none-eabi/lib/thumb/v7e-m+fp/hard/libc_nano.a(libc_a-lock.o)
__retarget_lock_try_acquire_recursive             /usr/lib/gcc/arm-none-eabi/13.1.0/../../../../arm-none-eabi/lib/thumb/v7e-m+fp/hard/libc_nano.a(libc_a-lock.o)
__sclose                                          /usr/lib/gcc/arm-none-eabi/13.1.0/../../../../arm-none-eabi/lib/thumb/v7e-m+fp/hard/libc_nano.a(libc_a-stdio.o)
                                                  /usr/lib/gcc/arm-none-eabi/13.1.0/../../../../arm-none-eabi/lib/thumb/v7e-m+fp/hard/libc_nano.a(libc_a-findfp.o)
__seofread                                        /usr/lib/gcc/arm-none-eabi/13.1.0/../../../../arm-none-eabi/lib/thumb/v7e-m+fp/hard/libc_nano.a(libc_a-stdio.o)
__sf                                              /usr/lib/gcc/arm-none-eabi/13.1.0/../../../../arm-none-eabi/lib/thumb/v7e-m+fp/hard/libc_nano.a(libc_a-findfp.o)
                                                  /usr/lib/gcc/arm-none-eabi/13.1.0/../../../../arm-none-eabi/lib/thumb/v7e-m+fp/hard/libc_nano.a(libc_a-impure.o)
__sflush_r                                        /usr/lib/gcc/arm-none-eabi/13.1.0/../../../../arm-none-eabi/lib/thumb/v7e-m+fp/hard/libc_nano.a(libc_a-fflush.o)
__sfp                                             /usr/lib/gcc/arm-none-eabi/13.1.0/../../../../arm-none-eabi/lib/thumb/v7e-m+fp/hard/libc_nano.a(libc_a-findfp.o)
__sfp_lock_acquire                                /usr/lib/gcc/arm-none-eabi/13.1.0/../../../../arm-none-eabi/lib/thumb/v7e-m+fp/hard/libc_nano.a(libc_a-findfp.o)
__sfp_lock_release                                /usr/lib/gcc/arm-none-eabi/13.1.0/../../../../arm-none-eabi/lib/thumb/v7e-m+fp/hard/libc_nano.a(libc_a-findfp.o)
__sglue                                           /usr/lib/gcc/arm-none-eabi/13.1.0/../../../../arm-none-eabi/lib/thumb/v7e-m+fp/hard/libc_nano.a(libc_a-findfp.o)
                                                  /usr/lib/gcc/arm-none-eabi/13.1.0/../../../../arm-none-eabi/lib/thumb/v7e-m+fp/hard/libc_nano.a(libc_a-fflush.o)
__sinit                                           /usr/lib/gcc/arm-none-eabi/13.1.0/../../../../arm-none-eabi/lib/thumb/v7e-m+fp/hard/libc_nano.a(libc_a-findfp.o)
                                                  /usr/lib/gcc/arm-none-eabi/13.1.0/../../../../arm-none-eabi/lib/thumb/v7e-m+fp/hard/libc_nano.a(libc_a-fflush.o)
__sread                                           /usr/lib/gcc/arm-none-eabi/13.1.0/../../../../arm-none-eabi/lib/thumb/v7e-m+fp/hard/libc_nano.a(libc_a-stdio.o)
                                                  /usr/lib/gcc/arm-none-eabi/13.1.0/../../../../arm-none-eabi/lib/thumb/v7e-m+fp/hard/libc_nano.a(libc_a-findfp.o)
__sseek                                           /usr/lib/gcc/arm-none-eabi/13.1.0/../../../../arm-none-eabi/lib/thumb/v7e-m+fp/hard/libc_nano.a(libc_a-stdio.o)
                                                  /usr/lib/gcc/arm-none-eabi/13.1.0/../../../../arm-none-eabi/lib/thumb/v7e-m+fp/hard/libc_nano.a(libc_a-findfp.o)
__stack                                           /usr/lib/gcc/arm-none-eabi/13.1.0/../../../../arm-none-eabi/lib/thumb/v7e-m+fp/hard/crt0.o
__stdio_exit_handler                              /usr/lib/gcc/arm-none-eabi/13.1.0/../../../../arm-none-eabi/lib/thumb/v7e-m+fp/hard/libc_nano.a(libc_a-findfp.o)
                                                  /usr/lib/gcc/arm-none-eabi/13.1.0/../../../../arm-none-eabi/lib/thumb/v7e-m+fp/hard/libc_nano.a(libc_a-exit.o)
__swrite                                          /usr/lib/gcc/arm-none-eabi/13.1.0/../../../../arm-none-eabi/lib/thumb/v7e-m+fp/hard/libc_nano.a(libc_a-stdio.o)
                                                  /usr/lib/gcc/arm-none-eabi/13.1.0/../../../../arm-none-eabi/lib/thumb/v7e-m+fp/hard/libc_nano.a(libc_a-findfp.o)
_close                                            /usr/lib/gcc/arm-none-eabi/13.1.0/../../../../arm-none-eabi/lib/thumb/v7e-m+fp/hard/libnosys.a(close.o)
                                                  /usr/lib/gcc/arm-none-eabi/13.1.0/../../../../arm-none-eabi/lib/thumb/v7e-m+fp/hard/libc_nano.a(libc_a-closer.o)
_close_r                                          /usr/lib/gcc/arm-none-eabi/13.1.0/../../../../arm-none-eabi/lib/thumb/v7e-m+fp/hard/libc_nano.a(libc_a-closer.o)
                                                  /usr/lib/gcc/arm-none-eabi/13.1.0/../../../../arm-none-eabi/lib/thumb/v7e-m+fp/hard/libc_nano.a(libc_a-stdio.o)
_ebss                                             build/startup_stm32l432xx.o
_edata                                            build/startup_stm32l432xx.o
_estack                                           build/startup_stm32l432xx.o
_exit                                             /usr/lib/gcc/arm-none-eabi/13.1.0/../../../../arm-none-eabi/lib/thumb/v7e-m+fp/hard/libnosys.a(_exit.o)
                                                  /usr/lib/gcc/arm-none-eabi/13.1.0/../../../../arm-none-eabi/lib/thumb/v7e-m+fp/hard/libc_nano.a(libc_a-exit.o)
_fflush_r                                         /usr/lib/gcc/arm-none-eabi/13.1.0/../../../../arm-none-eabi/lib/thumb/v7e-m+fp/hard/libc_nano.a(libc_a-fflush.o)
                                                  /usr/lib/gcc/arm-none-eabi/13.1.0/../../../../arm-none-eabi/lib/thumb/v7e-m+fp/hard/libc_nano.a(libc_a-findfp.o)
_fini                                             /usr/lib/gcc/arm-none-eabi/13.1.0/thumb/v7e-m+fp/hard/crti.o
                                                  /usr/lib/gcc/arm-none-eabi/13.1.0/../../../../arm-none-eabi/lib/thumb/v7e-m+fp/hard/libc_nano.a(libc_a-fini.o)
_free_r                                           /usr/lib/gcc/arm-none-eabi/13.1.0/../../../../arm-none-eabi/lib/thumb/v7e-m+fp/hard/libc_nano.a(libc_a-freer.o)
                                                  /usr/lib/gcc/arm-none-eabi/13.1.0/../../../../arm-none-eabi/lib/thumb/v7e-m+fp/hard/libc_nano.a(libc_a-fflush.o)
                                                  /usr/lib/gcc/arm-none-eabi/13.1.0/../../../../arm-none-eabi/lib/thumb/v7e-m+fp/hard/libc_nano.a(libc_a-reent.o)
_fwalk_sglue                                      /usr/lib/gcc/arm-none-eabi/13.1.0/../../../../arm-none-eabi/lib/thumb/v7e-m+fp/hard/libc_nano.a(libc_a-fwalk.o)
                                                  /usr/lib/gcc/arm-none-eabi/13.1.0/../../../../arm-none-eabi/lib/thumb/v7e-m+fp/hard/libc_nano.a(libc_a-fflush.o)
                                                  /usr/lib/gcc/arm-none-eabi/13.1.0/../../../../arm-none-eabi/lib/thumb/v7e-m+fp/hard/libc_nano.a(libc_a-findfp.o)
_impure_data                                      /usr/lib/gcc/arm-none-eabi/13.1.0/../../../../arm-none-eabi/lib/thumb/v7e-m+fp/hard/libc_nano.a(libc_a-impure.o)
                                                  /usr/lib/gcc/arm-none-eabi/13.1.0/../../../../arm-none-eabi/lib/thumb/v7e-m+fp/hard/libc_nano.a(libc_a-fflush.o)
                                                  /usr/lib/gcc/arm-none-eabi/13.1.0/../../../../arm-none-eabi/lib/thumb/v7e-m+fp/hard/libc_nano.a(libc_a-findfp.o)
_impure_ptr                                       /usr/lib/gcc/arm-none-eabi/13.1.0/../../../../arm-none-eabi/lib/thumb/v7e-m+fp/hard/libc_nano.a(libc_a-impure.o)
                                                  /usr/lib/gcc/arm-none-eabi/13.1.0/../../../../arm-none-eabi/lib/thumb/v7e-m+fp/hard/libc_nano.a(libc_a-fflush.o)
                                                  /usr/lib/gcc/arm-none-eabi/13.1.0/../../../../arm-none-eabi/lib/thumb/v7e-m+fp/hard/libc_nano.a(libc_a-reent.o)
_init                                             /usr/lib/gcc/arm-none-eabi/13.1.0/thumb/v7e-m+fp/hard/crti.o
                                                  /usr/lib/gcc/arm-none-eabi/13.1.0/../../../../arm-none-eabi/lib/thumb/v7e-m+fp/hard/libc_nano.a(libc_a-init.o)
_lseek                                            /usr/lib/gcc/arm-none-eabi/13.1.0/../../../../arm-none-eabi/lib/thumb/v7e-m+fp/hard/libnosys.a(lseek.o)